$ cmake --preset dev -DREALMMESH_CCACHE=ON -DCMAKE_PROJECT_RealmMesh_INCLUDE=/home/edwin.guest/code/.bench/p6-fixed-20261007/checks-results/compile-observer.cmake -DCMAKE_C_LINKER_LAUNCHER=/home/edwin.guest/code/.bench/p6-fixed-20261007/launcher -DCMAKE_CXX_LINKER_LAUNCHER=/home/edwin.guest/code/.bench/p6-fixed-20261007/launcher -DCMAKE_C_COMPILER_LAUNCHER= -DCMAKE_CXX_COMPILER_LAUNCHER= -DFETCHCONTENT_SOURCE_DIR_ABSL=/home/edwin.guest/code/.bench/p5-20261006/deps-src/absl-src -DFETCHCONTENT_SOURCE_DIR_CPP_HTTPLIB_SOURCE=/home/edwin.guest/code/.bench/p5-20261006/deps-src/cpp_httplib_source-src -DFETCHCONTENT_SOURCE_DIR_GOOGLETEST=/home/edwin.guest/code/.bench/p5-20261006/deps-src/googletest-src -DFETCHCONTENT_SOURCE_DIR_LUA_SOURCE=/home/edwin.guest/code/.bench/p5-20261006/deps-src/lua_source-src -DFETCHCONTENT_SOURCE_DIR_LUAUNIT=/home/edwin.guest/code/.bench/p5-20261006/deps-src/luaunit-src -DFETCHCONTENT_SOURCE_DIR_MONGO-C-DRIVER=/home/edwin.guest/code/.bench/p5-20261006/deps-src/mongo-c-driver-src -DFETCHCONTENT_SOURCE_DIR_MONGO-CXX-DRIVER=/home/edwin.guest/code/.bench/p5-20261006/deps-src/mongo-cxx-driver-src -DFETCHCONTENT_SOURCE_DIR_NLOHMANN_JSON_SOURCE=/home/edwin.guest/code/.bench/p5-20261006/deps-src/nlohmann_json_source-src -DFETCHCONTENT_SOURCE_DIR_PROTOBUF=/home/edwin.guest/code/.bench/p5-20261006/deps-src/protobuf-src -DFETCHCONTENT_SOURCE_DIR_REALMMESH_PROTOC=/home/edwin.guest/code/.bench/p5-20261006/deps-src/realmmesh_protoc-src -DFETCHCONTENT_SOURCE_DIR_SOL2_SOURCE=/home/edwin.guest/code/.bench/p5-20261006/deps-src/sol2_source-src -DFETCHCONTENT_SOURCE_DIR_SPDLOG=/home/edwin.guest/code/.bench/p5-20261006/deps-src/spdlog-src
-- RealmMesh ccache: ON, /usr/bin/ccache 4.12.3; native C/CXX targets; dir=/home/edwin.guest/code/.bench/p6-fixed-20261007/final/.cache/ccache, max=5GiB; libsodium excluded
-- Found OpenSSL: /usr/lib/aarch64-linux-gnu/libcrypto.so (found suitable version "3.5.5", minimum required is "3.0") found components: SSL Crypto
-- RealmMesh: OpenSSL 3.5.5 from /usr (root none, FindOpenSSL search)
-- realm_build_dir: preset dev -> /home/edwin.guest/code/.bench/p6-fixed-20261007/final/build/dev-ninja
-- Using the multi-header code from /home/edwin.guest/code/.bench/p5-20261006/deps-src/nlohmann_json_source-src/include/
-- MsQuic: 2.6.1 (/home/edwin.guest/code/RealmMesh/.tools/msquic/usr/lib/aarch64-linux-gnu/libmsquic.so.2.6.1)
-- realm_protocol: protoc 35.0 from the pinned release download
-- protobuf version: 35.0.0
-- Build spdlog: 1.17.0
-- Build type: Debug
-- Using bundled libbson
-- libmongoc version (from VERSION_CURRENT file): 2.5.5
-- Disabling zlib compression
-- Found OpenSSL: /usr/lib/aarch64-linux-gnu/libcrypto.so (found version "3.5.5")
-- libmongoc TLS : OpenSSL
-- Using SASL backend : OFF
-- Detected parameters: accept (int, struct sockaddr *, socklen_t *)
-- SASL disabled
-- Enabling utf8proc (bundled)
-- Adding -fPIC to compilation of mongoc_static components
-- Build files generated for:
-- 	build system: Ninja
-- The following features have been enabled:

 * TLS, for secure network communication (OpenSSL)
 * Cryptography, cryptographic primitives (OpenSSL)

-- The following features have been disabled:

 * AWS Authentication, authenticate with MongoDB servers using credentials from AWS instance metadata. (Manually disabled)
 * SASL Authentication, authenticate with MongoDB servers using SASL: “Simple Authentication and Security Layer” (OFF)

-- bsoncxx version: 4.6.0
-- bsoncxx soversion: 1
-- Auto-configuring bsoncxx to use its own polyfill implementations since C++17 is inactive
-- Using bson targets imported via add_subdirectory() without version checks
-- mongocxx version: 4.6.0
-- mongocxx soversion: 1
-- Using mongoc targets imported via add_subdirectory() without version checks
-- Build files generated for:
-- 	build system: Ninja
-- realm_network: QUIC transport enabled (MsQuic found)
-- realm_network Event Loop backend: epoll (REALMMESH_NET_BACKEND=auto)
-- Configuring done (0.2s)
-- Generating done (0.3s)
-- Build files have been written to: /home/edwin.guest/code/.bench/p6-fixed-20261007/final/build/dev-ninja
$ cmake --build --preset dev --parallel 2
[0/2] Re-checking globbed directories...
[1/57] Linking CXX static library _deps/absl-build/absl/base/libabsl_base.a
[2/57] Linking CXX executable bin/realm_mesh_loadgen
[3/57] Linking CXX executable tests/cpp/framework/service_host/service_host_test
[4/57] Linking CXX executable tests/cpp/framework/service_host/config_headers_test
[5/57] Linking CXX executable bin/realm_mesh
[6/57] Linking CXX executable tests/cpp/framework/service_host/load_topology_test
[7/57] Linking CXX executable tests/cpp/framework/client/adaptive_poller_test
[8/57] Linking CXX executable tests/cpp/framework/client/login_chain_test
[9/57] Linking CXX executable tests/cpp/framework/service_host/configs_load_smoke_test
[10/57] Linking CXX executable tests/cpp/framework/client/wire_login_transport_test
[11/57] Linking CXX executable tests/cpp/game/common/account_store_test
[12/57] Linking CXX executable tests/cpp/game/common/player_data_store_test
[13/57] Linking CXX executable tests/cpp/framework/client/wire_login_transport_integration_test
[14/57] Linking CXX executable tests/cpp/game/common/admission_grant_test
[15/57] Linking CXX executable tests/cpp/game/common/admission_security_config_test
[16/57] Linking CXX executable tests/cpp/game/common/base64url_test
[17/57] Linking CXX executable tests/cpp/game/common/compact_jws_test
[18/57] Linking CXX executable tests/cpp/game/common/edge_attach_protocol_test
[19/57] Linking CXX executable tests/cpp/game/common/realm_protocol_test
[20/57] Linking CXX executable tests/cpp/game/common/identity_replay_guard_test
[21/57] Linking CXX executable tests/cpp/game/common/identity_token_test
[22/57] Linking CXX executable tests/cpp/game/common/json_test
[23/57] Linking CXX executable tests/cpp/game/common/queue_number_test
[24/57] Linking CXX executable tests/cpp/game/common/queue_number_v2_test
[25/57] Linking CXX executable tests/cpp/game/common/session_ticket_test
[26/57] Linking CXX executable tests/cpp/game/common/new_chain_flow_test
[27/57] Linking CXX executable tests/cpp/game/gateway/gateway_server_test
[28/57] Linking CXX executable tests/cpp/game/gateway/edge_session_table_test
[29/57] Linking CXX executable tests/cpp/game/gateway/gateway_runtime_test
[30/57] Linking CXX executable tests/cpp/game/gateway/gateway_primary_transport_test
[31/57] Linking CXX executable tests/cpp/game/gateway/gateway_headers_test
[32/57] Linking CXX executable tests/cpp/game/gateway/account_fetch_port_test
[33/57] Linking CXX executable tests/cpp/game/gateway/admission_consumption_store_test
[34/57] Linking CXX executable tests/cpp/game/gateway/gateway_admission_test
[35/57] Linking CXX executable tests/cpp/game/gateway/gateway_ingress_test
[36/57] Linking CXX executable tests/cpp/game/gateway/gateway_login_config_test
[37/57] Linking CXX executable tests/cpp/game/gateway/gateway_login_pipeline_test
[38/57] Linking CXX executable tests/cpp/game/login_verify/login_verify_handler_test
[39/57] Linking CXX executable tests/cpp/game/gateway/gateway_ingress_throttle_test
[40/57] Linking CXX executable tests/cpp/game/login_verify/login_verify_dispatcher_test
[41/57] Linking CXX executable tests/cpp/game/queue/queue_handler_test
[42/57] Linking CXX executable tests/cpp/game/queue/queue_core_test
[43/57] Linking CXX executable tests/cpp/game/queue/queue_store_test
[44/57] Linking CXX executable tests/cpp/game/login_verify/login_verify_service_test
[45/57] Linking CXX executable tests/cpp/game/queue/queue_store_etcd_integration_test
[46/57] Linking CXX executable tests/cpp/game/queue/queue_process_restart_test
[47/57] Linking CXX executable tests/cpp/game/queue/queue_ticketing_test
[48/57] Linking CXX executable tests/cpp/game/realm/character_name_test
[49/57] Linking CXX executable tests/cpp/game/realm/training_rule_test
[50/57] Linking CXX executable tests/cpp/game/queue/queue_service_test
[51/57] Linking CXX executable tests/cpp/game/realm/realm_sessions_test
[52/57] Linking CXX executable tests/cpp/tools/loadgen/loadgen_core_test
[53/57] Linking CXX executable tests/cpp/game/realm/realm_journey_test
[54/57] Linking CXX executable tests/cpp/tools/loadgen/loadgen_login_chain_test
[55/57] Linking CXX executable tests/cpp/tools/loadgen/metrics_scrape_test
[56/57] Linking CXX executable tests/cpp/tools/loadgen/loadgen_integration_test
