Test project /home/edwin.guest/code/.bench/p6-20261006/final/build/dev-ninja
    Start 11: DevServicesScriptTest.StopDuringProcessChecks
    Test #11: DevServicesScriptTest.StopDuringProcessChecks ...   Passed    2.15 sec
    Start 11: DevServicesScriptTest.StopDuringProcessChecks
    Test #11: DevServicesScriptTest.StopDuringProcessChecks ...   Passed    2.03 sec
    Start 11: DevServicesScriptTest.StopDuringProcessChecks
    Test #11: DevServicesScriptTest.StopDuringProcessChecks ...   Passed    2.03 sec
    Start 11: DevServicesScriptTest.StopDuringProcessChecks
    Test #11: DevServicesScriptTest.StopDuringProcessChecks ...   Passed    2.47 sec
    Start 11: DevServicesScriptTest.StopDuringProcessChecks
    Test #11: DevServicesScriptTest.StopDuringProcessChecks ...   Passed    2.50 sec
    Start 11: DevServicesScriptTest.StopDuringProcessChecks
    Test #11: DevServicesScriptTest.StopDuringProcessChecks ...   Passed    2.23 sec
    Start 11: DevServicesScriptTest.StopDuringProcessChecks
    Test #11: DevServicesScriptTest.StopDuringProcessChecks ...   Passed    2.09 sec
    Start 11: DevServicesScriptTest.StopDuringProcessChecks
    Test #11: DevServicesScriptTest.StopDuringProcessChecks ...   Passed    2.54 sec
    Start 11: DevServicesScriptTest.StopDuringProcessChecks
    Test #11: DevServicesScriptTest.StopDuringProcessChecks ...   Passed    2.00 sec
    Start 11: DevServicesScriptTest.StopDuringProcessChecks
    Test #11: DevServicesScriptTest.StopDuringProcessChecks ...   Passed    2.50 sec
    Start 11: DevServicesScriptTest.StopDuringProcessChecks
    Test #11: DevServicesScriptTest.StopDuringProcessChecks ...   Passed    2.02 sec
    Start 11: DevServicesScriptTest.StopDuringProcessChecks
    Test #11: DevServicesScriptTest.StopDuringProcessChecks ...   Passed    2.62 sec
    Start 11: DevServicesScriptTest.StopDuringProcessChecks
    Test #11: DevServicesScriptTest.StopDuringProcessChecks ...   Passed    2.47 sec
    Start 11: DevServicesScriptTest.StopDuringProcessChecks
    Test #11: DevServicesScriptTest.StopDuringProcessChecks ...   Passed    3.50 sec
    Start 11: DevServicesScriptTest.StopDuringProcessChecks
    Test #11: DevServicesScriptTest.StopDuringProcessChecks ...   Passed    2.73 sec
    Start 11: DevServicesScriptTest.StopDuringProcessChecks
    Test #11: DevServicesScriptTest.StopDuringProcessChecks ...   Passed    2.62 sec
    Start 11: DevServicesScriptTest.StopDuringProcessChecks
    Test #11: DevServicesScriptTest.StopDuringProcessChecks ...   Passed    2.64 sec
    Start 11: DevServicesScriptTest.StopDuringProcessChecks
    Test #11: DevServicesScriptTest.StopDuringProcessChecks ...   Passed    2.74 sec
    Start 11: DevServicesScriptTest.StopDuringProcessChecks
    Test #11: DevServicesScriptTest.StopDuringProcessChecks ...   Passed    2.50 sec
    Start 11: DevServicesScriptTest.StopDuringProcessChecks
    Test #11: DevServicesScriptTest.StopDuringProcessChecks ...   Passed    2.70 sec
    Start 11: DevServicesScriptTest.StopDuringProcessChecks
    Test #11: DevServicesScriptTest.StopDuringProcessChecks ...   Passed    2.09 sec
    Start 11: DevServicesScriptTest.StopDuringProcessChecks
    Test #11: DevServicesScriptTest.StopDuringProcessChecks ...   Passed    2.52 sec
    Start 11: DevServicesScriptTest.StopDuringProcessChecks
    Test #11: DevServicesScriptTest.StopDuringProcessChecks ...   Passed    2.01 sec
    Start 11: DevServicesScriptTest.StopDuringProcessChecks
    Test #11: DevServicesScriptTest.StopDuringProcessChecks ...   Passed    2.12 sec
    Start 11: DevServicesScriptTest.StopDuringProcessChecks
    Test #11: DevServicesScriptTest.StopDuringProcessChecks ...   Passed    1.88 sec
    Start 11: DevServicesScriptTest.StopDuringProcessChecks
    Test #11: DevServicesScriptTest.StopDuringProcessChecks ...   Passed    2.10 sec
    Start 11: DevServicesScriptTest.StopDuringProcessChecks
    Test #11: DevServicesScriptTest.StopDuringProcessChecks ...   Passed    2.49 sec
    Start 11: DevServicesScriptTest.StopDuringProcessChecks
    Test #11: DevServicesScriptTest.StopDuringProcessChecks ...   Passed    1.99 sec
    Start 11: DevServicesScriptTest.StopDuringProcessChecks
    Test #11: DevServicesScriptTest.StopDuringProcessChecks ...   Passed    2.09 sec
    Start 11: DevServicesScriptTest.StopDuringProcessChecks
    Test #11: DevServicesScriptTest.StopDuringProcessChecks ...   Passed    3.15 sec
    Start 11: DevServicesScriptTest.StopDuringProcessChecks
    Test #11: DevServicesScriptTest.StopDuringProcessChecks ...   Passed    2.12 sec
    Start 11: DevServicesScriptTest.StopDuringProcessChecks
    Test #11: DevServicesScriptTest.StopDuringProcessChecks ...   Passed    2.50 sec
    Start 11: DevServicesScriptTest.StopDuringProcessChecks
    Test #11: DevServicesScriptTest.StopDuringProcessChecks ...   Passed    2.05 sec
    Start 11: DevServicesScriptTest.StopDuringProcessChecks
    Test #11: DevServicesScriptTest.StopDuringProcessChecks ...   Passed    2.51 sec
    Start 11: DevServicesScriptTest.StopDuringProcessChecks
    Test #11: DevServicesScriptTest.StopDuringProcessChecks ...   Passed    3.62 sec
    Start 11: DevServicesScriptTest.StopDuringProcessChecks
    Test #11: DevServicesScriptTest.StopDuringProcessChecks ...   Passed    2.54 sec
    Start 11: DevServicesScriptTest.StopDuringProcessChecks
    Test #11: DevServicesScriptTest.StopDuringProcessChecks ...   Passed    2.02 sec
    Start 11: DevServicesScriptTest.StopDuringProcessChecks
    Test #11: DevServicesScriptTest.StopDuringProcessChecks ...   Passed    2.04 sec
    Start 11: DevServicesScriptTest.StopDuringProcessChecks
    Test #11: DevServicesScriptTest.StopDuringProcessChecks ...   Passed    2.51 sec
    Start 11: DevServicesScriptTest.StopDuringProcessChecks
    Test #11: DevServicesScriptTest.StopDuringProcessChecks ...   Passed    2.51 sec
    Start 11: DevServicesScriptTest.StopDuringProcessChecks
    Test #11: DevServicesScriptTest.StopDuringProcessChecks ...   Passed    2.50 sec
    Start 11: DevServicesScriptTest.StopDuringProcessChecks
    Test #11: DevServicesScriptTest.StopDuringProcessChecks ...   Passed    2.08 sec
    Start 11: DevServicesScriptTest.StopDuringProcessChecks
    Test #11: DevServicesScriptTest.StopDuringProcessChecks ...   Passed    2.50 sec
    Start 11: DevServicesScriptTest.StopDuringProcessChecks
    Test #11: DevServicesScriptTest.StopDuringProcessChecks ...   Passed    1.98 sec
    Start 11: DevServicesScriptTest.StopDuringProcessChecks
    Test #11: DevServicesScriptTest.StopDuringProcessChecks ...   Passed    2.11 sec
    Start 11: DevServicesScriptTest.StopDuringProcessChecks
    Test #11: DevServicesScriptTest.StopDuringProcessChecks ...   Passed    2.53 sec
    Start 11: DevServicesScriptTest.StopDuringProcessChecks
    Test #11: DevServicesScriptTest.StopDuringProcessChecks ...   Passed    2.74 sec
    Start 11: DevServicesScriptTest.StopDuringProcessChecks
    Test #11: DevServicesScriptTest.StopDuringProcessChecks ...   Passed    2.11 sec
    Start 11: DevServicesScriptTest.StopDuringProcessChecks
    Test #11: DevServicesScriptTest.StopDuringProcessChecks ...   Passed    2.53 sec
    Start 11: DevServicesScriptTest.StopDuringProcessChecks
    Test #11: DevServicesScriptTest.StopDuringProcessChecks ...   Passed    2.62 sec
    Start 11: DevServicesScriptTest.StopDuringProcessChecks
    Test #11: DevServicesScriptTest.StopDuringProcessChecks ...   Passed    2.63 sec
    Start 11: DevServicesScriptTest.StopDuringProcessChecks
    Test #11: DevServicesScriptTest.StopDuringProcessChecks ...   Passed    2.64 sec
    Start 11: DevServicesScriptTest.StopDuringProcessChecks
    Test #11: DevServicesScriptTest.StopDuringProcessChecks ...   Passed    2.24 sec
    Start 11: DevServicesScriptTest.StopDuringProcessChecks
    Test #11: DevServicesScriptTest.StopDuringProcessChecks ...   Passed    2.54 sec
    Start 11: DevServicesScriptTest.StopDuringProcessChecks
    Test #11: DevServicesScriptTest.StopDuringProcessChecks ...   Passed    2.50 sec
    Start 11: DevServicesScriptTest.StopDuringProcessChecks
    Test #11: DevServicesScriptTest.StopDuringProcessChecks ...   Passed    2.48 sec
    Start 11: DevServicesScriptTest.StopDuringProcessChecks
    Test #11: DevServicesScriptTest.StopDuringProcessChecks ...   Passed    2.47 sec
    Start 11: DevServicesScriptTest.StopDuringProcessChecks
    Test #11: DevServicesScriptTest.StopDuringProcessChecks ...   Passed    2.53 sec
    Start 11: DevServicesScriptTest.StopDuringProcessChecks
    Test #11: DevServicesScriptTest.StopDuringProcessChecks ...   Passed    2.04 sec
    Start 11: DevServicesScriptTest.StopDuringProcessChecks
    Test #11: DevServicesScriptTest.StopDuringProcessChecks ...   Passed    2.46 sec
    Start 11: DevServicesScriptTest.StopDuringProcessChecks
    Test #11: DevServicesScriptTest.StopDuringProcessChecks ...   Passed    2.14 sec
    Start 11: DevServicesScriptTest.StopDuringProcessChecks
    Test #11: DevServicesScriptTest.StopDuringProcessChecks ...   Passed    3.64 sec
    Start 11: DevServicesScriptTest.StopDuringProcessChecks
    Test #11: DevServicesScriptTest.StopDuringProcessChecks ...   Passed    2.72 sec
    Start 11: DevServicesScriptTest.StopDuringProcessChecks
    Test #11: DevServicesScriptTest.StopDuringProcessChecks ...   Passed    2.49 sec
    Start 11: DevServicesScriptTest.StopDuringProcessChecks
    Test #11: DevServicesScriptTest.StopDuringProcessChecks ...   Passed    1.89 sec
    Start 11: DevServicesScriptTest.StopDuringProcessChecks
    Test #11: DevServicesScriptTest.StopDuringProcessChecks ...   Passed    2.48 sec
    Start 11: DevServicesScriptTest.StopDuringProcessChecks
    Test #11: DevServicesScriptTest.StopDuringProcessChecks ...   Passed    2.51 sec
    Start 11: DevServicesScriptTest.StopDuringProcessChecks
    Test #11: DevServicesScriptTest.StopDuringProcessChecks ...   Passed    2.50 sec
    Start 11: DevServicesScriptTest.StopDuringProcessChecks
    Test #11: DevServicesScriptTest.StopDuringProcessChecks ...   Passed    2.73 sec
    Start 11: DevServicesScriptTest.StopDuringProcessChecks
    Test #11: DevServicesScriptTest.StopDuringProcessChecks ...   Passed    2.21 sec
    Start 11: DevServicesScriptTest.StopDuringProcessChecks
    Test #11: DevServicesScriptTest.StopDuringProcessChecks ...   Passed    2.02 sec
    Start 11: DevServicesScriptTest.StopDuringProcessChecks
    Test #11: DevServicesScriptTest.StopDuringProcessChecks ...   Passed    2.51 sec
    Start 11: DevServicesScriptTest.StopDuringProcessChecks
    Test #11: DevServicesScriptTest.StopDuringProcessChecks ...   Passed    1.99 sec
    Start 11: DevServicesScriptTest.StopDuringProcessChecks
    Test #11: DevServicesScriptTest.StopDuringProcessChecks ...   Passed    2.18 sec
    Start 11: DevServicesScriptTest.StopDuringProcessChecks
    Test #11: DevServicesScriptTest.StopDuringProcessChecks ...   Passed    2.51 sec
    Start 11: DevServicesScriptTest.StopDuringProcessChecks
    Test #11: DevServicesScriptTest.StopDuringProcessChecks ...   Passed    1.99 sec
    Start 11: DevServicesScriptTest.StopDuringProcessChecks
    Test #11: DevServicesScriptTest.StopDuringProcessChecks ...   Passed    2.60 sec
    Start 11: DevServicesScriptTest.StopDuringProcessChecks
    Test #11: DevServicesScriptTest.StopDuringProcessChecks ...   Passed    2.62 sec
    Start 11: DevServicesScriptTest.StopDuringProcessChecks
    Test #11: DevServicesScriptTest.StopDuringProcessChecks ...   Passed    2.52 sec
    Start 11: DevServicesScriptTest.StopDuringProcessChecks
    Test #11: DevServicesScriptTest.StopDuringProcessChecks ...   Passed    2.71 sec
    Start 11: DevServicesScriptTest.StopDuringProcessChecks
    Test #11: DevServicesScriptTest.StopDuringProcessChecks ...   Passed    1.99 sec
    Start 11: DevServicesScriptTest.StopDuringProcessChecks
    Test #11: DevServicesScriptTest.StopDuringProcessChecks ...   Passed    1.98 sec
    Start 11: DevServicesScriptTest.StopDuringProcessChecks
    Test #11: DevServicesScriptTest.StopDuringProcessChecks ...   Passed    1.98 sec
    Start 11: DevServicesScriptTest.StopDuringProcessChecks
    Test #11: DevServicesScriptTest.StopDuringProcessChecks ...   Passed    2.50 sec
    Start 11: DevServicesScriptTest.StopDuringProcessChecks
    Test #11: DevServicesScriptTest.StopDuringProcessChecks ...   Passed    2.06 sec
    Start 11: DevServicesScriptTest.StopDuringProcessChecks
    Test #11: DevServicesScriptTest.StopDuringProcessChecks ...   Passed    2.52 sec
    Start 11: DevServicesScriptTest.StopDuringProcessChecks
    Test #11: DevServicesScriptTest.StopDuringProcessChecks ...   Passed    2.22 sec
    Start 11: DevServicesScriptTest.StopDuringProcessChecks
    Test #11: DevServicesScriptTest.StopDuringProcessChecks ...   Passed    2.55 sec
    Start 11: DevServicesScriptTest.StopDuringProcessChecks
    Test #11: DevServicesScriptTest.StopDuringProcessChecks ...   Passed    2.50 sec
    Start 11: DevServicesScriptTest.StopDuringProcessChecks
    Test #11: DevServicesScriptTest.StopDuringProcessChecks ...   Passed    2.53 sec
    Start 11: DevServicesScriptTest.StopDuringProcessChecks
    Test #11: DevServicesScriptTest.StopDuringProcessChecks ...   Passed    2.03 sec
    Start 11: DevServicesScriptTest.StopDuringProcessChecks
    Test #11: DevServicesScriptTest.StopDuringProcessChecks ...   Passed    2.10 sec
    Start 11: DevServicesScriptTest.StopDuringProcessChecks
    Test #11: DevServicesScriptTest.StopDuringProcessChecks ...   Passed    2.09 sec
    Start 11: DevServicesScriptTest.StopDuringProcessChecks
    Test #11: DevServicesScriptTest.StopDuringProcessChecks ...   Passed    2.51 sec
    Start 11: DevServicesScriptTest.StopDuringProcessChecks
    Test #11: DevServicesScriptTest.StopDuringProcessChecks ...   Passed    2.49 sec
    Start 11: DevServicesScriptTest.StopDuringProcessChecks
    Test #11: DevServicesScriptTest.StopDuringProcessChecks ...   Passed    2.50 sec
    Start 11: DevServicesScriptTest.StopDuringProcessChecks
    Test #11: DevServicesScriptTest.StopDuringProcessChecks ...   Passed    2.69 sec
    Start 11: DevServicesScriptTest.StopDuringProcessChecks
    Test #11: DevServicesScriptTest.StopDuringProcessChecks ...   Passed    2.54 sec
    Start 11: DevServicesScriptTest.StopDuringProcessChecks
    Test #11: DevServicesScriptTest.StopDuringProcessChecks ...   Passed    2.56 sec
    Start 11: DevServicesScriptTest.StopDuringProcessChecks
1/1 Test #11: DevServicesScriptTest.StopDuringProcessChecks ...   Passed    2.50 sec

100% tests passed, 0 tests failed out of 1

Label Time Summary:
integration    =   2.50 sec*proc (1 test)

Total Test time (real) = 240.04 sec
