CASE stop_is_reverse_ordered 1/20
RealmMesh development services started.
manager running (pid 3281961)
gateway running (pid 3282092)
realm   running (pid 3282003)
CASE stop_is_reverse_ordered 2/20
RealmMesh development services started.
manager running (pid 3282641)
gateway running (pid 3282772)
realm   running (pid 3282683)
CASE stop_is_reverse_ordered 3/20
RealmMesh development services started.
manager running (pid 3283332)
gateway running (pid 3283463)
realm   running (pid 3283374)
CASE stop_is_reverse_ordered 4/20
RealmMesh development services started.
manager running (pid 3284011)
gateway running (pid 3284142)
realm   running (pid 3284053)
CASE stop_is_reverse_ordered 5/20
RealmMesh development services started.
manager running (pid 3284689)
gateway running (pid 3284820)
realm   running (pid 3284731)
CASE stop_is_reverse_ordered 6/20
RealmMesh development services started.
manager running (pid 3285367)
gateway running (pid 3285498)
realm   running (pid 3285409)
CASE stop_is_reverse_ordered 7/20
RealmMesh development services started.
manager running (pid 3286045)
gateway running (pid 3286193)
realm   running (pid 3286087)
CASE stop_is_reverse_ordered 8/20
RealmMesh development services started.
manager running (pid 3286813)
gateway running (pid 3286963)
realm   running (pid 3286855)
CASE stop_is_reverse_ordered 9/20
RealmMesh development services started.
manager running (pid 3287584)
gateway running (pid 3287715)
realm   running (pid 3287626)
CASE stop_is_reverse_ordered 10/20
RealmMesh development services started.
manager running (pid 3288273)
gateway running (pid 3288406)
realm   running (pid 3288315)
CASE stop_is_reverse_ordered 11/20
RealmMesh development services started.
manager running (pid 3288953)
gateway running (pid 3289084)
realm   running (pid 3288995)
CASE stop_is_reverse_ordered 12/20
RealmMesh development services started.
manager running (pid 3289653)
gateway running (pid 3289784)
realm   running (pid 3289695)
CASE stop_is_reverse_ordered 13/20
RealmMesh development services started.
manager running (pid 3290344)
gateway running (pid 3290475)
realm   running (pid 3290386)
CASE stop_is_reverse_ordered 14/20
RealmMesh development services started.
manager running (pid 3291025)
gateway running (pid 3291157)
realm   running (pid 3291068)
CASE stop_is_reverse_ordered 15/20
RealmMesh development services started.
manager running (pid 3291704)
gateway running (pid 3291835)
realm   running (pid 3291746)
CASE stop_is_reverse_ordered 16/20
RealmMesh development services started.
manager running (pid 3292391)
gateway running (pid 3292522)
realm   running (pid 3292433)
CASE stop_is_reverse_ordered 17/20
RealmMesh development services started.
manager running (pid 3293070)
gateway running (pid 3293201)
realm   running (pid 3293112)
CASE stop_is_reverse_ordered 18/20
RealmMesh development services started.
manager running (pid 3293750)
gateway running (pid 3293881)
realm   running (pid 3293792)
CASE stop_is_reverse_ordered 19/20
RealmMesh development services started.
manager running (pid 3294430)
gateway running (pid 3294561)
realm   running (pid 3294472)
CASE stop_is_reverse_ordered 20/20
RealmMesh development services started.
manager running (pid 3295120)
gateway running (pid 3295268)
realm   running (pid 3295162)
CASE stop_during_process_checks 1/20
RealmMesh development services started.
manager running (pid 3295896)
gateway running (pid 3296027)
realm   running (pid 3295938)
CASE stop_during_process_checks 2/20
RealmMesh development services started.
manager running (pid 3296537)
gateway running (pid 3296685)
realm   running (pid 3296579)
CASE stop_during_process_checks 3/20
RealmMesh development services started.
manager running (pid 3297240)
gateway running (pid 3297373)
realm   running (pid 3297282)
CASE stop_during_process_checks 4/20
RealmMesh development services started.
manager running (pid 3297890)
gateway running (pid 3298023)
realm   running (pid 3297932)
CASE stop_during_process_checks 5/20
RealmMesh development services started.
manager running (pid 3298538)
gateway running (pid 3298671)
realm   running (pid 3298580)
CASE stop_during_process_checks 6/20
RealmMesh development services started.
manager running (pid 3299181)
gateway running (pid 3299329)
realm   running (pid 3299223)
CASE stop_during_process_checks 7/20
RealmMesh development services started.
manager running (pid 3299878)
gateway running (pid 3300009)
realm   running (pid 3299920)
CASE stop_during_process_checks 8/20
RealmMesh development services started.
manager running (pid 3300518)
gateway running (pid 3300649)
realm   running (pid 3300560)
CASE stop_during_process_checks 9/20
RealmMesh development services started.
manager running (pid 3301157)
gateway running (pid 3301288)
realm   running (pid 3301199)
CASE stop_during_process_checks 10/20
RealmMesh development services started.
manager running (pid 3301797)
gateway running (pid 3301928)
realm   running (pid 3301839)
CASE stop_during_process_checks 11/20
RealmMesh development services started.
manager running (pid 3302438)
gateway running (pid 3302586)
realm   running (pid 3302480)
CASE stop_during_process_checks 12/20
RealmMesh development services started.
manager running (pid 3303132)
gateway running (pid 3303313)
realm   running (pid 3303174)
CASE stop_during_process_checks 13/20
RealmMesh development services started.
manager running (pid 3303851)
gateway running (pid 3303982)
realm   running (pid 3303893)
CASE stop_during_process_checks 14/20
RealmMesh development services started.
manager running (pid 3304491)
gateway running (pid 3304623)
realm   running (pid 3304533)
CASE stop_during_process_checks 15/20
RealmMesh development services started.
manager running (pid 3305134)
gateway running (pid 3305265)
realm   running (pid 3305176)
CASE stop_during_process_checks 16/20
RealmMesh development services started.
manager running (pid 3305772)
gateway running (pid 3305905)
realm   running (pid 3305814)
CASE stop_during_process_checks 17/20
RealmMesh development services started.
manager running (pid 3306411)
gateway running (pid 3306544)
realm   running (pid 3306453)
CASE stop_during_process_checks 18/20
RealmMesh development services started.
manager running (pid 3307052)
gateway running (pid 3307183)
realm   running (pid 3307094)
CASE stop_during_process_checks 19/20
RealmMesh development services started.
manager running (pid 3307688)
gateway running (pid 3307837)
realm   running (pid 3307730)
CASE stop_during_process_checks 20/20
RealmMesh development services started.
manager running (pid 3308385)
gateway running (pid 3308533)
realm   running (pid 3308427)
CASE stop_after_interrupted_worker_wait 1/20
RealmMesh development services started.
manager running (pid 3309087)
gateway running (pid 3309218)
realm   running (pid 3309129)
CASE stop_after_interrupted_worker_wait 2/20
RealmMesh development services started.
manager running (pid 3309778)
gateway running (pid 3309909)
realm   running (pid 3309820)
CASE stop_after_interrupted_worker_wait 3/20
RealmMesh development services started.
manager running (pid 3310459)
gateway running (pid 3310590)
realm   running (pid 3310501)
CASE stop_after_interrupted_worker_wait 4/20
RealmMesh development services started.
manager running (pid 3311141)
gateway running (pid 3311273)
realm   running (pid 3311183)
CASE stop_after_interrupted_worker_wait 5/20
RealmMesh development services started.
manager running (pid 3311824)
gateway running (pid 3311972)
realm   running (pid 3311866)
CASE stop_after_interrupted_worker_wait 6/20
RealmMesh development services started.
manager running (pid 3312592)
gateway running (pid 3312724)
realm   running (pid 3312634)
CASE stop_after_interrupted_worker_wait 7/20
RealmMesh development services started.
manager running (pid 3313272)
gateway running (pid 3313404)
realm   running (pid 3313314)
CASE stop_after_interrupted_worker_wait 8/20
RealmMesh development services started.
manager running (pid 3313962)
gateway running (pid 3314093)
realm   running (pid 3314004)
CASE stop_after_interrupted_worker_wait 9/20
RealmMesh development services started.
manager running (pid 3314653)
gateway running (pid 3314786)
realm   running (pid 3314695)
CASE stop_after_interrupted_worker_wait 10/20
RealmMesh development services started.
manager running (pid 3315336)
gateway running (pid 3315467)
realm   running (pid 3315378)
CASE stop_after_interrupted_worker_wait 11/20
RealmMesh development services started.
manager running (pid 3316016)
gateway running (pid 3316147)
realm   running (pid 3316058)
CASE stop_after_interrupted_worker_wait 12/20
RealmMesh development services started.
manager running (pid 3316697)
gateway running (pid 3316828)
realm   running (pid 3316739)
CASE stop_after_interrupted_worker_wait 13/20
RealmMesh development services started.
manager running (pid 3317388)
gateway running (pid 3317519)
realm   running (pid 3317430)
CASE stop_after_interrupted_worker_wait 14/20
RealmMesh development services started.
manager running (pid 3318069)
gateway running (pid 3318217)
realm   running (pid 3318111)
CASE stop_after_interrupted_worker_wait 15/20
RealmMesh development services started.
manager running (pid 3318834)
gateway running (pid 3318967)
realm   running (pid 3318878)
CASE stop_after_interrupted_worker_wait 16/20
RealmMesh development services started.
manager running (pid 3319514)
gateway running (pid 3319645)
realm   running (pid 3319556)
CASE stop_after_interrupted_worker_wait 17/20
RealmMesh development services started.
manager running (pid 3320190)
gateway running (pid 3320323)
realm   running (pid 3320232)
CASE stop_after_interrupted_worker_wait 18/20
RealmMesh development services started.
manager running (pid 3320872)
gateway running (pid 3321003)
realm   running (pid 3320914)
CASE stop_after_interrupted_worker_wait 19/20
RealmMesh development services started.
manager running (pid 3321550)
gateway running (pid 3321681)
realm   running (pid 3321592)
CASE stop_after_interrupted_worker_wait 20/20
RealmMesh development services started.
manager running (pid 3322235)
gateway running (pid 3322366)
realm   running (pid 3322277)
CASE stop_during_startup 1/20
CASE stop_during_startup 2/20
CASE stop_during_startup 3/20
CASE stop_during_startup 4/20
CASE stop_during_startup 5/20
CASE stop_during_startup 6/20
CASE stop_during_startup 7/20
CASE stop_during_startup 8/20
CASE stop_during_startup 9/20
CASE stop_during_startup 10/20
CASE stop_during_startup 11/20
CASE stop_during_startup 12/20
CASE stop_during_startup 13/20
CASE stop_during_startup 14/20
CASE stop_during_startup 15/20
CASE stop_during_startup 16/20
CASE stop_during_startup 17/20
CASE stop_during_startup 18/20
CASE stop_during_startup 19/20
CASE stop_during_startup 20/20
