CASE stop_is_reverse_ordered 1/20
RealmMesh development services started.
manager running (pid 78367)
gateway running (pid 78475)
realm   running (pid 78413)
CASE stop_is_reverse_ordered 2/20
RealmMesh development services started.
manager running (pid 79079)
gateway running (pid 79186)
realm   running (pid 79124)
CASE stop_is_reverse_ordered 3/20
RealmMesh development services started.
manager running (pid 79712)
gateway running (pid 79820)
realm   running (pid 79757)
CASE stop_is_reverse_ordered 4/20
RealmMesh development services started.
manager running (pid 80476)
gateway running (pid 80585)
realm   running (pid 80522)
CASE stop_is_reverse_ordered 5/20
RealmMesh development services started.
manager running (pid 81173)
gateway running (pid 81281)
realm   running (pid 81218)
CASE stop_is_reverse_ordered 6/20
RealmMesh development services started.
manager running (pid 81805)
gateway running (pid 81932)
realm   running (pid 81850)
CASE stop_is_reverse_ordered 7/20
RealmMesh development services started.
manager running (pid 82565)
gateway running (pid 82692)
realm   running (pid 82610)
CASE stop_is_reverse_ordered 8/20
RealmMesh development services started.
manager running (pid 83262)
gateway running (pid 83435)
realm   running (pid 83307)
CASE stop_is_reverse_ordered 9/20
RealmMesh development services started.
manager running (pid 84022)
gateway running (pid 84130)
realm   running (pid 84067)
CASE stop_is_reverse_ordered 10/20
RealmMesh development services started.
manager running (pid 84713)
gateway running (pid 84821)
realm   running (pid 84758)
CASE stop_is_reverse_ordered 11/20
RealmMesh development services started.
manager running (pid 85417)
gateway running (pid 85526)
realm   running (pid 85462)
CASE stop_is_reverse_ordered 12/20
RealmMesh development services started.
manager running (pid 86170)
gateway running (pid 86286)
realm   running (pid 86215)
CASE stop_is_reverse_ordered 13/20
RealmMesh development services started.
manager running (pid 86948)
gateway running (pid 87089)
realm   running (pid 86993)
CASE stop_is_reverse_ordered 14/20
RealmMesh development services started.
manager running (pid 87671)
gateway running (pid 87780)
realm   running (pid 87717)
CASE stop_is_reverse_ordered 15/20
RealmMesh development services started.
manager running (pid 88359)
gateway running (pid 88467)
realm   running (pid 88404)
CASE stop_is_reverse_ordered 16/20
RealmMesh development services started.
manager running (pid 89138)
gateway running (pid 89246)
realm   running (pid 89183)
CASE stop_is_reverse_ordered 17/20
RealmMesh development services started.
manager running (pid 89824)
gateway running (pid 89952)
realm   running (pid 89869)
CASE stop_is_reverse_ordered 18/20
RealmMesh development services started.
manager running (pid 90585)
gateway running (pid 90692)
realm   running (pid 90630)
CASE stop_is_reverse_ordered 19/20
RealmMesh development services started.
manager running (pid 91265)
gateway running (pid 91374)
realm   running (pid 91310)
CASE stop_is_reverse_ordered 20/20
RealmMesh development services started.
manager running (pid 91965)
gateway running (pid 92089)
realm   running (pid 92012)
CASE stop_during_process_checks 1/20
RealmMesh development services started.
manager running (pid 92748)
gateway running (pid 92857)
realm   running (pid 92793)
CASE stop_during_process_checks 2/20
RealmMesh development services started.
manager running (pid 93369)
gateway running (pid 93477)
realm   running (pid 93414)
CASE stop_during_process_checks 3/20
RealmMesh development services started.
manager running (pid 93967)
gateway running (pid 94077)
realm   running (pid 94014)
CASE stop_during_process_checks 4/20
RealmMesh development services started.
manager running (pid 94585)
gateway running (pid 94693)
realm   running (pid 94630)
CASE stop_during_process_checks 5/20
RealmMesh development services started.
manager running (pid 95110)
gateway running (pid 95218)
realm   running (pid 95155)
CASE stop_during_process_checks 6/20
RealmMesh development services started.
manager running (pid 95789)
gateway running (pid 95896)
realm   running (pid 95834)
CASE stop_during_process_checks 7/20
RealmMesh development services started.
manager running (pid 96455)
gateway running (pid 96582)
realm   running (pid 96500)
CASE stop_during_process_checks 8/20
RealmMesh development services started.
manager running (pid 97056)
gateway running (pid 97163)
realm   running (pid 97101)
CASE stop_during_process_checks 9/20
RealmMesh development services started.
manager running (pid 97656)
gateway running (pid 97765)
realm   running (pid 97701)
CASE stop_during_process_checks 10/20
RealmMesh development services started.
manager running (pid 98288)
gateway running (pid 98415)
realm   running (pid 98333)
CASE stop_during_process_checks 11/20
RealmMesh development services started.
manager running (pid 98876)
gateway running (pid 98984)
realm   running (pid 98921)
CASE stop_during_process_checks 12/20
RealmMesh development services started.
manager running (pid 99472)
gateway running (pid 99580)
realm   running (pid 99517)
CASE stop_during_process_checks 13/20
RealmMesh development services started.
manager running (pid 232)
gateway running (pid 345)
realm   running (pid 282)
CASE stop_during_process_checks 14/20
RealmMesh development services started.
manager running (pid 1205)
gateway running (pid 1424)
realm   running (pid 1330)
CASE stop_during_process_checks 15/20
RealmMesh development services started.
manager running (pid 2180)
gateway running (pid 2292)
realm   running (pid 2229)
CASE stop_during_process_checks 16/20
RealmMesh development services started.
manager running (pid 2794)
gateway running (pid 2971)
realm   running (pid 2839)
CASE stop_during_process_checks 17/20
RealmMesh development services started.
manager running (pid 3447)
gateway running (pid 3554)
realm   running (pid 3492)
CASE stop_during_process_checks 18/20
RealmMesh development services started.
manager running (pid 4105)
gateway running (pid 4223)
realm   running (pid 4155)
CASE stop_during_process_checks 19/20
RealmMesh development services started.
manager running (pid 4710)
gateway running (pid 4819)
realm   running (pid 4756)
CASE stop_during_process_checks 20/20
RealmMesh development services started.
manager running (pid 5386)
gateway running (pid 5494)
realm   running (pid 5431)
CASE stop_after_interrupted_worker_wait 1/20
RealmMesh development services started.
manager running (pid 6079)
gateway running (pid 6195)
realm   running (pid 6128)
CASE stop_after_interrupted_worker_wait 2/20
RealmMesh development services started.
manager running (pid 6963)
gateway running (pid 7075)
realm   running (pid 7012)
CASE stop_after_interrupted_worker_wait 3/20
RealmMesh development services started.
manager running (pid 7792)
gateway running (pid 7902)
realm   running (pid 7837)
CASE stop_after_interrupted_worker_wait 4/20
RealmMesh development services started.
manager running (pid 8528)
gateway running (pid 8682)
realm   running (pid 8599)
CASE stop_after_interrupted_worker_wait 5/20
RealmMesh development services started.
manager running (pid 9290)
gateway running (pid 9397)
realm   running (pid 9335)
CASE stop_after_interrupted_worker_wait 6/20
RealmMesh development services started.
manager running (pid 10046)
gateway running (pid 10156)
realm   running (pid 10092)
CASE stop_after_interrupted_worker_wait 7/20
RealmMesh development services started.
manager running (pid 10833)
gateway running (pid 10941)
realm   running (pid 10878)
CASE stop_after_interrupted_worker_wait 8/20
RealmMesh development services started.
manager running (pid 11545)
gateway running (pid 11654)
realm   running (pid 11591)
CASE stop_after_interrupted_worker_wait 9/20
RealmMesh development services started.
manager running (pid 12341)
gateway running (pid 12451)
realm   running (pid 12387)
CASE stop_after_interrupted_worker_wait 10/20
RealmMesh development services started.
manager running (pid 13131)
gateway running (pid 13241)
realm   running (pid 13176)
CASE stop_after_interrupted_worker_wait 11/20
RealmMesh development services started.
manager running (pid 13881)
gateway running (pid 14055)
realm   running (pid 13926)
CASE stop_after_interrupted_worker_wait 12/20
RealmMesh development services started.
manager running (pid 14665)
gateway running (pid 14773)
realm   running (pid 14710)
CASE stop_after_interrupted_worker_wait 13/20
RealmMesh development services started.
manager running (pid 15463)
gateway running (pid 15570)
realm   running (pid 15508)
CASE stop_after_interrupted_worker_wait 14/20
RealmMesh development services started.
manager running (pid 16191)
gateway running (pid 16298)
realm   running (pid 16236)
CASE stop_after_interrupted_worker_wait 15/20
RealmMesh development services started.
manager running (pid 16880)
gateway running (pid 16987)
realm   running (pid 16925)
CASE stop_after_interrupted_worker_wait 16/20
RealmMesh development services started.
manager running (pid 17688)
gateway running (pid 17795)
realm   running (pid 17733)
CASE stop_after_interrupted_worker_wait 17/20
RealmMesh development services started.
manager running (pid 18406)
gateway running (pid 18513)
realm   running (pid 18451)
CASE stop_after_interrupted_worker_wait 18/20
RealmMesh development services started.
manager running (pid 19191)
gateway running (pid 19301)
realm   running (pid 19237)
CASE stop_after_interrupted_worker_wait 19/20
RealmMesh development services started.
manager running (pid 19994)
gateway running (pid 20101)
realm   running (pid 20039)
CASE stop_after_interrupted_worker_wait 20/20
RealmMesh development services started.
manager running (pid 20703)
gateway running (pid 20810)
realm   running (pid 20748)
CASE stop_during_startup 1/20
CASE stop_during_startup 2/20
CASE stop_during_startup 3/20
CASE stop_during_startup 4/20
CASE stop_during_startup 5/20
CASE stop_during_startup 6/20
CASE stop_during_startup 7/20
CASE stop_during_startup 8/20
CASE stop_during_startup 9/20
CASE stop_during_startup 10/20
CASE stop_during_startup 11/20
CASE stop_during_startup 12/20
CASE stop_during_startup 13/20
CASE stop_during_startup 14/20
CASE stop_during_startup 15/20
CASE stop_during_startup 16/20
CASE stop_during_startup 17/20
CASE stop_during_startup 18/20
CASE stop_during_startup 19/20
CASE stop_during_startup 20/20
