RealmMesh development services started.
manager running (pid 66900)
gateway running (pid 67011)
realm   running (pid 66946)
RealmMesh supervisor 66900 did not stop within 10 seconds.
--- supervisor log ---
Starting RealmMesh services with a 10 second per-service timeout.
RealmMesh development services started.
manager running (pid 66900)
gateway running (pid 67011)
realm   running (pid 66946)
--- structured logs ---
/var/folders/6w/rc5trctj1xj_53yyqlck81j00000gn/T/tmp.9d41ns7LTH/RealmMesh/configs/logs/realm/realm-realm-dev-01.jsonl
{"attribute_data_classes":{"listen_address":"internal","listen_port":"internal"},"attributes":{"listen_address":"0.0.0.0","listen_port":29474},"cluster":"local","environment":"development","event_name":"service_started","kind":"diagnostic","message":"realm service started","module":"framework.service_host","node_id":"development-node","process_id":66946,"process_start_id":"4396b8b925536f7cf45416a1cbe925c4","region":"local","schema_version":1,"sequence":1,"service_instance":"realm-dev-01","service_name":"realm","severity":"INFO","source_file":"/private/tmp/realmmesh-p6/final/framework/service_host/src/service_frame.cpp","source_line":165,"thread_id":9810675905446315910,"timestamp":"2026-10-07T05:39:09.084003000Z","zone":"development"}
{"attribute_data_classes":{"protocol":"internal","session_id":"internal","transport_name":"internal"},"attributes":{"protocol":"tls_tcp","session_id":1,"transport_name":"realm_tls_tcp"},"cluster":"local","environment":"development","event_name":"connection_accepted","kind":"diagnostic","message":"tls transport accepted incoming connection","module":"framework.network","node_id":"development-node","process_id":66946,"process_start_id":"4396b8b925536f7cf45416a1cbe925c4","region":"local","schema_version":1,"sequence":2,"service_instance":"realm-dev-01","service_name":"realm","severity":"INFO","source_file":"/private/tmp/realmmesh-p6/final/framework/network/src/tls/tls_tcp_transport.cpp","source_line":152,"thread_id":8102273577183565777,"timestamp":"2026-10-07T05:39:09.138462000Z","zone":"development"}
{"attribute_data_classes":{"protocol":"internal","reason":"internal","session_id":"internal","transport_name":"internal"},"attributes":{"protocol":"tls_tcp","reason":"peer_closed","session_id":1,"transport_name":"realm_tls_tcp"},"cluster":"local","environment":"development","event_name":"connection_closed","kind":"diagnostic","message":"tls transport closed session","module":"framework.network","node_id":"development-node","process_id":66946,"process_start_id":"4396b8b925536f7cf45416a1cbe925c4","region":"local","schema_version":1,"sequence":3,"service_instance":"realm-dev-01","service_name":"realm","severity":"INFO","source_file":"/private/tmp/realmmesh-p6/final/framework/network/src/tls/tls_tcp_transport.cpp","source_line":276,"thread_id":8102273577183565777,"timestamp":"2026-10-07T05:39:09.138735000Z","zone":"development"}
/var/folders/6w/rc5trctj1xj_53yyqlck81j00000gn/T/tmp.9d41ns7LTH/RealmMesh/configs/logs/gateway/gateway-gateway-dev-01.jsonl
{"attribute_data_classes":{"listen_address":"internal","listen_port":"internal","transport":"internal","transport_name":"internal"},"attributes":{"listen_address":"0.0.0.0","listen_port":20257,"transport":"quic","transport_name":"client_quic"},"cluster":"local","environment":"development","event_name":"listener_started","kind":"diagnostic","message":"gateway listener started","module":"framework.service_host","node_id":"development-node","process_id":67011,"process_start_id":"35a89e7731d2ee94629bd12386a3a67f","region":"local","schema_version":1,"sequence":1,"service_instance":"gateway-dev-01","service_name":"gateway","severity":"INFO","source_file":"/private/tmp/realmmesh-p6/final/framework/service_host/src/service_frame.cpp","source_line":151,"thread_id":9810675905446315910,"timestamp":"2026-10-07T05:39:09.148538000Z","zone":"development"}
{"attribute_data_classes":{"listen_address":"internal","listen_port":"internal","transport":"internal","transport_name":"internal"},"attributes":{"listen_address":"0.0.0.0","listen_port":20257,"transport":"tls_tcp","transport_name":"client_tls_tcp"},"cluster":"local","environment":"development","event_name":"listener_started","kind":"diagnostic","message":"gateway listener started","module":"framework.service_host","node_id":"development-node","process_id":67011,"process_start_id":"35a89e7731d2ee94629bd12386a3a67f","region":"local","schema_version":1,"sequence":2,"service_instance":"gateway-dev-01","service_name":"gateway","severity":"INFO","source_file":"/private/tmp/realmmesh-p6/final/framework/service_host/src/service_frame.cpp","source_line":151,"thread_id":9810675905446315910,"timestamp":"2026-10-07T05:39:09.149006000Z","zone":"development"}
{"attribute_data_classes":{},"attributes":{},"cluster":"local","environment":"development","event_name":"service_started","kind":"diagnostic","message":"gateway service started","module":"framework.service_host","node_id":"development-node","process_id":67011,"process_start_id":"35a89e7731d2ee94629bd12386a3a67f","region":"local","schema_version":1,"sequence":3,"service_instance":"gateway-dev-01","service_name":"gateway","severity":"INFO","source_file":"/private/tmp/realmmesh-p6/final/framework/service_host/src/service_frame.cpp","source_line":161,"thread_id":9810675905446315910,"timestamp":"2026-10-07T05:39:09.149068000Z","zone":"development"}
--- service console logs ---
/var/folders/6w/rc5trctj1xj_53yyqlck81j00000gn/T/tmp.9d41ns7LTH/RealmMesh/.runtime/logs/realm/console.log
{"attribute_data_classes":{"listen_address":"internal","listen_port":"internal"},"attributes":{"listen_address":"0.0.0.0","listen_port":29474},"cluster":"local","environment":"development","event_name":"service_started","kind":"diagnostic","message":"realm service started","module":"framework.service_host","node_id":"development-node","process_id":66946,"process_start_id":"4396b8b925536f7cf45416a1cbe925c4","region":"local","schema_version":1,"sequence":1,"service_instance":"realm-dev-01","service_name":"realm","severity":"INFO","source_file":"/private/tmp/realmmesh-p6/final/framework/service_host/src/service_frame.cpp","source_line":165,"thread_id":9810675905446315910,"timestamp":"2026-10-07T05:39:09.084003000Z","zone":"development"}
{"attribute_data_classes":{"protocol":"internal","session_id":"internal","transport_name":"internal"},"attributes":{"protocol":"tls_tcp","session_id":1,"transport_name":"realm_tls_tcp"},"cluster":"local","environment":"development","event_name":"connection_accepted","kind":"diagnostic","message":"tls transport accepted incoming connection","module":"framework.network","node_id":"development-node","process_id":66946,"process_start_id":"4396b8b925536f7cf45416a1cbe925c4","region":"local","schema_version":1,"sequence":2,"service_instance":"realm-dev-01","service_name":"realm","severity":"INFO","source_file":"/private/tmp/realmmesh-p6/final/framework/network/src/tls/tls_tcp_transport.cpp","source_line":152,"thread_id":8102273577183565777,"timestamp":"2026-10-07T05:39:09.138462000Z","zone":"development"}
{"attribute_data_classes":{"protocol":"internal","reason":"internal","session_id":"internal","transport_name":"internal"},"attributes":{"protocol":"tls_tcp","reason":"peer_closed","session_id":1,"transport_name":"realm_tls_tcp"},"cluster":"local","environment":"development","event_name":"connection_closed","kind":"diagnostic","message":"tls transport closed session","module":"framework.network","node_id":"development-node","process_id":66946,"process_start_id":"4396b8b925536f7cf45416a1cbe925c4","region":"local","schema_version":1,"sequence":3,"service_instance":"realm-dev-01","service_name":"realm","severity":"INFO","source_file":"/private/tmp/realmmesh-p6/final/framework/network/src/tls/tls_tcp_transport.cpp","source_line":276,"thread_id":8102273577183565777,"timestamp":"2026-10-07T05:39:09.138735000Z","zone":"development"}
/var/folders/6w/rc5trctj1xj_53yyqlck81j00000gn/T/tmp.9d41ns7LTH/RealmMesh/.runtime/logs/gateway/console.log
{"attribute_data_classes":{"listen_address":"internal","listen_port":"internal","transport":"internal","transport_name":"internal"},"attributes":{"listen_address":"0.0.0.0","listen_port":20257,"transport":"quic","transport_name":"client_quic"},"cluster":"local","environment":"development","event_name":"listener_started","kind":"diagnostic","message":"gateway listener started","module":"framework.service_host","node_id":"development-node","process_id":67011,"process_start_id":"35a89e7731d2ee94629bd12386a3a67f","region":"local","schema_version":1,"sequence":1,"service_instance":"gateway-dev-01","service_name":"gateway","severity":"INFO","source_file":"/private/tmp/realmmesh-p6/final/framework/service_host/src/service_frame.cpp","source_line":151,"thread_id":9810675905446315910,"timestamp":"2026-10-07T05:39:09.148538000Z","zone":"development"}
{"attribute_data_classes":{"listen_address":"internal","listen_port":"internal","transport":"internal","transport_name":"internal"},"attributes":{"listen_address":"0.0.0.0","listen_port":20257,"transport":"tls_tcp","transport_name":"client_tls_tcp"},"cluster":"local","environment":"development","event_name":"listener_started","kind":"diagnostic","message":"gateway listener started","module":"framework.service_host","node_id":"development-node","process_id":67011,"process_start_id":"35a89e7731d2ee94629bd12386a3a67f","region":"local","schema_version":1,"sequence":2,"service_instance":"gateway-dev-01","service_name":"gateway","severity":"INFO","source_file":"/private/tmp/realmmesh-p6/final/framework/service_host/src/service_frame.cpp","source_line":151,"thread_id":9810675905446315910,"timestamp":"2026-10-07T05:39:09.149006000Z","zone":"development"}
{"attribute_data_classes":{},"attributes":{},"cluster":"local","environment":"development","event_name":"service_started","kind":"diagnostic","message":"gateway service started","module":"framework.service_host","node_id":"development-node","process_id":67011,"process_start_id":"35a89e7731d2ee94629bd12386a3a67f","region":"local","schema_version":1,"sequence":3,"service_instance":"gateway-dev-01","service_name":"gateway","severity":"INFO","source_file":"/private/tmp/realmmesh-p6/final/framework/service_host/src/service_frame.cpp","source_line":161,"thread_id":9810675905446315910,"timestamp":"2026-10-07T05:39:09.149068000Z","zone":"development"}
/var/folders/6w/rc5trctj1xj_53yyqlck81j00000gn/T/tmp.9d41ns7LTH/RealmMesh/.runtime/logs/supervisor/console.log
Starting RealmMesh services with a 10 second per-service timeout.
RealmMesh development services started.
manager running (pid 66900)
gateway running (pid 67011)
realm   running (pid 66946)
67011 66912 Ss   /var/folders/6w/rc5trctj1xj_53yyqlck81j00000gn/T/tmp.9d41ns7LTH/RealmMesh/build/dev/bin/realm_mesh --service gateway --config /private/var/folders/6w/rc5trctj1xj_53yyqlck81j00000gn/T/tmp.9d41ns7LTH/RealmMesh/configs
66946 66912 Ss   /var/folders/6w/rc5trctj1xj_53yyqlck81j00000gn/T/tmp.9d41ns7LTH/RealmMesh/build/dev/bin/realm_mesh --service realm --config /private/var/folders/6w/rc5trctj1xj_53yyqlck81j00000gn/T/tmp.9d41ns7LTH/RealmMesh/configs
66900     1 Ss   bash /private/var/folders/6w/rc5trctj1xj_53yyqlck81j00000gn/T/tmp.9d41ns7LTH/RealmMesh/scripts/dev-services.sh supervise --preset dev
