## Configure
-- RealmMesh ccache: ON, /opt/homebrew/bin/ccache 4.14.1; native C/CXX targets; dir=/private/tmp/realmmesh-p6-fixed/final/.cache/ccache, max=5GiB; libsodium excluded
-- Found OpenSSL: /opt/homebrew/opt/openssl@3/lib/libcrypto.dylib (found suitable version "3.6.5", minimum required is "3.0") found components: SSL Crypto
-- RealmMesh: OpenSSL 3.6.5 from /opt/homebrew/Cellar/openssl@3/3.6.5 (root /opt/homebrew/opt/openssl@3, macOS default (Homebrew openssl@3))
-- realm_build_dir: preset dev -> /private/tmp/realmmesh-p6-fixed/final/build/dev-ninja
-- Using the multi-header code from /private/tmp/realmmesh-p5/deps-src/nlohmann_json_source-src/include/
-- MsQuic: 2.6.2 (/opt/homebrew/Cellar/libmsquic/2.6.2/lib/libmsquic.2.6.2.dylib)
-- realm_protocol: protoc 35.0 from the pinned release download
-- protobuf version: 35.0.0
-- Build spdlog: 1.17.0
-- Build type: Debug
-- Using bundled libbson
-- libmongoc version (from VERSION_CURRENT file): 2.5.5
-- Disabling zlib compression
-- Found OpenSSL: /opt/homebrew/opt/openssl@3/lib/libcrypto.dylib (found version "3.6.5")
-- libmongoc TLS : OpenSSL
-- Using SASL backend : OFF
-- Detected parameters: accept (int, struct sockaddr *, socklen_t *)
-- SASL disabled
-- Enabling utf8proc (bundled)
-- Adding -fPIC to compilation of mongoc_static components
-- Build files generated for:
-- 	build system: Ninja
-- The following features have been enabled:

 * TLS, for secure network communication (OpenSSL)
 * Cryptography, cryptographic primitives (OpenSSL)

-- The following features have been disabled:

 * AWS Authentication, authenticate with MongoDB servers using credentials from AWS instance metadata. (Manually disabled)
 * SASL Authentication, authenticate with MongoDB servers using SASL: “Simple Authentication and Security Layer” (OFF)

-- bsoncxx version: 4.6.0
-- bsoncxx soversion: 1
-- Auto-configuring bsoncxx to use its own polyfill implementations since C++17 is inactive
-- Using bson targets imported via add_subdirectory() without version checks
-- mongocxx version: 4.6.0
-- mongocxx soversion: 1
-- Using mongoc targets imported via add_subdirectory() without version checks
-- Build files generated for:
-- 	build system: Ninja
-- realm_network: QUIC transport enabled (MsQuic found)
-- realm_network Event Loop backend: kqueue (REALMMESH_NET_BACKEND=auto)
-- Configuring done (0.5s)
-- Generating done (0.4s)
-- Build files have been written to: /private/tmp/realmmesh-p6-fixed/final/build/dev-ninja
build jobs: 8 (from --jobs; budget 8 = min(15 CPUs, 8, memory 48.00 GiB))
## Build
[0/2] Re-checking globbed directories...
ninja: no work to do.
## Four-process Full Login Chain
UpdateCTestConfiguration  from :/private/tmp/realmmesh-p6-fixed/final/build/dev-ninja/DartConfiguration.tcl
Parse Config file:/private/tmp/realmmesh-p6-fixed/final/build/dev-ninja/DartConfiguration.tcl
Test project /private/tmp/realmmesh-p6-fixed/final/build/dev-ninja
Constructing a list of tests
Done constructing a list of tests
Updating test list for fixtures
Added 0 tests to meet fixture requirements
Checking test dependency graph...
Checking test dependency graph end
test 16
    Start 16: DevServicesScriptTest.FourProcessFullRepeats

16: Test command: /bin/bash "/private/tmp/realmmesh-p6-fixed/final/tests/scripts/dev_services_test.sh" "four_process_full_repeats" "/private/tmp/realmmesh-p6-fixed/final" "/private/tmp/realmmesh-p6-fixed/final/build/dev-ninja/bin/realm_mesh" "/private/tmp/realmmesh-p6-fixed/final/build/dev-ninja/tests/cpp/test-tls/certificate.pem" "/private/tmp/realmmesh-p6-fixed/final/build/dev-ninja/tests/cpp/test-tls/private-key.pem" "/private/tmp/realmmesh-p6-fixed/final/build/dev-ninja/tests/cpp/game/common/new_chain_flow_test" "/private/tmp/realmmesh-p6-fixed/final/build/dev-ninja/bin/realm_mesh_loadgen"
16: Working Directory: /private/tmp/realmmesh-p6-fixed/final/build/dev-ninja/tests/cpp
16: Test timeout computed to be: 90
16: acceptance_runtime login_verify=127.0.0.1:26154 queue=127.0.0.1:26239 gateway=127.0.0.1:25707 realm=127.0.0.1:24086 etcd=http://127.0.0.1:21564 mongodb=127.0.0.1:24455
16: acceptance_runtime_config badf4cc0e32b5da4a7c84da777978704f2a37ff71b021332ae2f16b3e94bcfbb  configs/main.config
16: acceptance_runtime_config 05e356d41b021de7b279ea900d038051c170fc6cf986bba3fd034c743b1df0b8  configs/common/discovery.lua
16: acceptance_runtime_config 69b5c275f09cbca512ae487c308a2b07accc71404e48b11c3dd5973212203b63  configs/common/accounts.lua
16: acceptance_runtime_config 700c4c0faa57bed37df50a7a5b26360208e0656d03e54b3e1e289d7fe6b35b10  configs/common/player_data.lua
16: acceptance_runtime_config 643382ccf6d5fad624eb7e93f9b35e740abf8cfd563d101b1e27083d63fddd61  configs/services/login_verify.lua
16: acceptance_runtime_config 912b3187dbdf315684a33e34506fe4581d1429f73c7bc3901d34e4b76bb8d080  configs/services/queue.lua
16: acceptance_runtime_config 7c757b03f6080fe08ed47e8b6e333ad0fd30a19a86d2ffbc9c179c61e72afe54  configs/services/gateway.lua
16: acceptance_runtime_config 7fd8658a9a6775c1a7a9ec967f81079ddf3adbe272b94ded94eec2e7c5e6abc1  configs/services/realm.lua
16: loadgen report
16: robots: 1  completed: 1
16: verify: attempts=1 failures=0 p50_ms=234.123792 p99_ms=234.123792 max_ms=234.123792
16: tickets: attempts=1 failures=0 p50_ms=122.165000 p99_ms=122.165000 max_ms=122.165000
16: poll: attempts=17 failures=0 p50_ms=40.611834 p99_ms=51.073791 max_ms=51.073791
16: attach: attempts=1 failures=0 p50_ms=72.362125 p99_ms=72.362125 max_ms=72.362125
16: handoff: attempts=1 failures=0 p50_ms=86.028375 p99_ms=86.028375 max_ms=86.028375
16: realm: attempts=1 failures=0 p50_ms=7.671667 p99_ms=7.671667 max_ms=7.671667
16: loadgen report
16: robots: 1  completed: 1
16: verify: attempts=1 failures=0 p50_ms=231.932250 p99_ms=231.932250 max_ms=231.932250
16: tickets: attempts=1 failures=0 p50_ms=110.419792 p99_ms=110.419792 max_ms=110.419792
16: poll: attempts=17 failures=0 p50_ms=40.037000 p99_ms=48.213625 max_ms=48.213625
16: attach: attempts=1 failures=0 p50_ms=19.533417 p99_ms=19.533417 max_ms=19.533417
16: handoff: attempts=1 failures=0 p50_ms=91.989333 p99_ms=91.989333 max_ms=91.989333
16: realm: attempts=1 failures=0 p50_ms=10.878750 p99_ms=10.878750 max_ms=10.878750
16: loadgen report
16: robots: 1  completed: 1
16: verify: attempts=1 failures=0 p50_ms=233.123500 p99_ms=233.123500 max_ms=233.123500
16: tickets: attempts=1 failures=0 p50_ms=115.960709 p99_ms=115.960709 max_ms=115.960709
16: poll: attempts=39 failures=0 p50_ms=41.500625 p99_ms=53.039500 max_ms=53.039500
16: attach: attempts=1 failures=0 p50_ms=27.870834 p99_ms=27.870834 max_ms=27.870834
16: handoff: attempts=1 failures=0 p50_ms=84.880416 p99_ms=84.880416 max_ms=84.880416
16: realm: attempts=1 failures=0 p50_ms=15.139042 p99_ms=15.139042 max_ms=15.139042
1/1 Test #16: DevServicesScriptTest.FourProcessFullRepeats ...   Passed   11.29 sec

The following tests passed:
	DevServicesScriptTest.FourProcessFullRepeats

100% tests passed out of 1

Label Time Summary:
integration    =  11.29 sec*proc (1 test)

Total Test time (real) =  11.32 sec
## Repeated full success
UpdateCTestConfiguration  from :/private/tmp/realmmesh-p6-fixed/final/build/dev-ninja/DartConfiguration.tcl
Parse Config file:/private/tmp/realmmesh-p6-fixed/final/build/dev-ninja/DartConfiguration.tcl
Test project /private/tmp/realmmesh-p6-fixed/final/build/dev-ninja
Constructing a list of tests
Done constructing a list of tests
Updating test list for fixtures
Added 0 tests to meet fixture requirements
Checking test dependency graph...
Checking test dependency graph end
test 210
    Start 210: WireLoginTransportIntegrationTest.DrivesLoginChainOverRealTls

210: Test command: /private/tmp/realmmesh-p6-fixed/final/build/dev-ninja/tests/cpp/framework/client/wire_login_transport_integration_test "--gtest_filter=WireLoginTransportIntegrationTest.DrivesLoginChainOverRealTls" "--gtest_also_run_disabled_tests"
210: Working Directory: /private/tmp/realmmesh-p6-fixed/final/build/dev-ninja/tests/cpp
210: Test timeout computed to be: 1500
210: Running main() from /private/tmp/realmmesh-p5/deps-src/googletest-src/googletest/src/gtest_main.cc
210: Note: Google Test filter = WireLoginTransportIntegrationTest.DrivesLoginChainOverRealTls
210: [==========] Running 1 test from 1 test suite.
210: [----------] Global test environment set-up.
210: [----------] 1 test from WireLoginTransportIntegrationTest
210: [ RUN      ] WireLoginTransportIntegrationTest.DrivesLoginChainOverRealTls
210: [       OK ] WireLoginTransportIntegrationTest.DrivesLoginChainOverRealTls (78 ms)
210: [----------] 1 test from WireLoginTransportIntegrationTest (78 ms total)
210: 
210: [----------] Global test environment tear-down
210: [==========] 1 test from 1 test suite ran. (78 ms total)
210: [  PASSED  ] 1 test.
    Test #210: WireLoginTransportIntegrationTest.DrivesLoginChainOverRealTls ...   Passed    0.12 sec
    Start 210: WireLoginTransportIntegrationTest.DrivesLoginChainOverRealTls

210: Test command: /private/tmp/realmmesh-p6-fixed/final/build/dev-ninja/tests/cpp/framework/client/wire_login_transport_integration_test "--gtest_filter=WireLoginTransportIntegrationTest.DrivesLoginChainOverRealTls" "--gtest_also_run_disabled_tests"
210: Working Directory: /private/tmp/realmmesh-p6-fixed/final/build/dev-ninja/tests/cpp
210: Test timeout computed to be: 1500
210: Running main() from /private/tmp/realmmesh-p5/deps-src/googletest-src/googletest/src/gtest_main.cc
210: Note: Google Test filter = WireLoginTransportIntegrationTest.DrivesLoginChainOverRealTls
210: [==========] Running 1 test from 1 test suite.
210: [----------] Global test environment set-up.
210: [----------] 1 test from WireLoginTransportIntegrationTest
210: [ RUN      ] WireLoginTransportIntegrationTest.DrivesLoginChainOverRealTls
210: [       OK ] WireLoginTransportIntegrationTest.DrivesLoginChainOverRealTls (79 ms)
210: [----------] 1 test from WireLoginTransportIntegrationTest (79 ms total)
210: 
210: [----------] Global test environment tear-down
210: [==========] 1 test from 1 test suite ran. (79 ms total)
210: [  PASSED  ] 1 test.
    Test #210: WireLoginTransportIntegrationTest.DrivesLoginChainOverRealTls ...   Passed    0.11 sec
    Start 210: WireLoginTransportIntegrationTest.DrivesLoginChainOverRealTls

210: Test command: /private/tmp/realmmesh-p6-fixed/final/build/dev-ninja/tests/cpp/framework/client/wire_login_transport_integration_test "--gtest_filter=WireLoginTransportIntegrationTest.DrivesLoginChainOverRealTls" "--gtest_also_run_disabled_tests"
210: Working Directory: /private/tmp/realmmesh-p6-fixed/final/build/dev-ninja/tests/cpp
210: Test timeout computed to be: 1500
210: Running main() from /private/tmp/realmmesh-p5/deps-src/googletest-src/googletest/src/gtest_main.cc
210: Note: Google Test filter = WireLoginTransportIntegrationTest.DrivesLoginChainOverRealTls
210: [==========] Running 1 test from 1 test suite.
210: [----------] Global test environment set-up.
210: [----------] 1 test from WireLoginTransportIntegrationTest
210: [ RUN      ] WireLoginTransportIntegrationTest.DrivesLoginChainOverRealTls
210: [       OK ] WireLoginTransportIntegrationTest.DrivesLoginChainOverRealTls (74 ms)
210: [----------] 1 test from WireLoginTransportIntegrationTest (74 ms total)
210: 
210: [----------] Global test environment tear-down
210: [==========] 1 test from 1 test suite ran. (74 ms total)
210: [  PASSED  ] 1 test.
1/2 Test #210: WireLoginTransportIntegrationTest.DrivesLoginChainOverRealTls ...   Passed    0.10 sec
test 660
    Start 660: LoadgenIntegrationTest.FullTargetRedeemsRealmSession

660: Test command: /private/tmp/realmmesh-p6-fixed/final/build/dev-ninja/tests/cpp/tools/loadgen/loadgen_integration_test "--gtest_filter=LoadgenIntegrationTest.FullTargetRedeemsRealmSession" "--gtest_also_run_disabled_tests"
660: Working Directory: /private/tmp/realmmesh-p6-fixed/final/build/dev-ninja/tests/cpp
660: Test timeout computed to be: 1500
660: Running main() from /private/tmp/realmmesh-p5/deps-src/googletest-src/googletest/src/gtest_main.cc
660: Note: Google Test filter = LoadgenIntegrationTest.FullTargetRedeemsRealmSession
660: [==========] Running 1 test from 1 test suite.
660: [----------] Global test environment set-up.
660: [----------] 1 test from LoadgenIntegrationTest
660: [ RUN      ] LoadgenIntegrationTest.FullTargetRedeemsRealmSession
660: {"t":{"$date":"2026-10-07T15:27:11.614+08:00"},"s":"I",  "c":"-",        "id":8991200, "ctx":"thread1","msg":"Shuffling initializers","attr":{"seed":662227364}}
660: {"attribute_data_classes":{"listen_address":"internal","listen_port":"internal","transport":"internal","transport_name":"internal"},"attributes":{"listen_address":"127.0.0.1","listen_port":54200,"transport":"tls_tcp","transport_name":"https"},"cluster":"local","environment":"development","event_name":"listener_started","kind":"diagnostic","message":"login_verify listener started","module":"game.login_verify","node_id":"development-node","process_id":4062,"process_start_id":"d67ff3779981a683014d514e3a76639e","region":"local","schema_version":1,"sequence":1,"service_instance":"login-verify-dev-01","service_name":"login_verify","severity":"INFO","source_file":"/private/tmp/realmmesh-p6-fixed/final/game/login_verify/src/login_verify_service.cpp","source_line":57,"thread_id":9810675905446315910,"timestamp":"2026-10-07T07:27:12.792827000Z","zone":"development"}
660: {"attribute_data_classes":{},"attributes":{},"cluster":"local","environment":"development","event_name":"service_started","kind":"diagnostic","message":"login_verify service started","module":"game.login_verify","node_id":"development-node","process_id":4062,"process_start_id":"d67ff3779981a683014d514e3a76639e","region":"local","schema_version":1,"sequence":2,"service_instance":"login-verify-dev-01","service_name":"login_verify","severity":"INFO","source_file":"/private/tmp/realmmesh-p6-fixed/final/game/login_verify/src/login_verify_service.cpp","source_line":66,"thread_id":9810675905446315910,"timestamp":"2026-10-07T07:27:12.793804000Z","zone":"development"}
660: {"attribute_data_classes":{"listen_address":"internal","listen_port":"internal","transport":"internal","transport_name":"internal"},"attributes":{"listen_address":"127.0.0.1","listen_port":54201,"transport":"tls_tcp","transport_name":"https"},"cluster":"local","environment":"development","event_name":"listener_started","kind":"diagnostic","message":"queue listener started","module":"game.queue","node_id":"development-node","process_id":4062,"process_start_id":"cf6e64762b3126ea4db20c8906bf0291","region":"local","schema_version":1,"sequence":1,"service_instance":"queue-dev-01","service_name":"queue","severity":"INFO","source_file":"/private/tmp/realmmesh-p6-fixed/final/game/queue/src/queue_service.cpp","source_line":120,"thread_id":9810675905446315910,"timestamp":"2026-10-07T07:27:12.796525000Z","zone":"development"}
660: {"attribute_data_classes":{},"attributes":{},"cluster":"local","environment":"development","event_name":"service_started","kind":"diagnostic","message":"queue service started","module":"game.queue","node_id":"development-node","process_id":4062,"process_start_id":"cf6e64762b3126ea4db20c8906bf0291","region":"local","schema_version":1,"sequence":2,"service_instance":"queue-dev-01","service_name":"queue","severity":"INFO","source_file":"/private/tmp/realmmesh-p6-fixed/final/game/queue/src/queue_service.cpp","source_line":129,"thread_id":9810675905446315910,"timestamp":"2026-10-07T07:27:12.796609000Z","zone":"development"}
660: {"attribute_data_classes":{"listen_address":"internal","listen_port":"internal"},"attributes":{"listen_address":"0.0.0.0","listen_port":54203},"cluster":"local","environment":"development","event_name":"service_started","kind":"diagnostic","message":"realm service started","module":"framework.service_host","node_id":"development-node","process_id":4062,"process_start_id":"1693b3c41fe84a5830116da0c7f49f08","region":"local","schema_version":1,"sequence":1,"service_instance":"realm-dev-01","service_name":"realm","severity":"INFO","source_file":"/private/tmp/realmmesh-p6-fixed/final/framework/service_host/src/service_frame.cpp","source_line":165,"thread_id":9810675905446315910,"timestamp":"2026-10-07T07:27:12.800197000Z","zone":"development"}
660: {"attribute_data_classes":{"listen_address":"internal","listen_port":"internal","transport":"internal","transport_name":"internal"},"attributes":{"listen_address":"0.0.0.0","listen_port":54202,"transport":"quic","transport_name":"client_quic"},"cluster":"local","environment":"development","event_name":"listener_started","kind":"diagnostic","message":"gateway listener started","module":"framework.service_host","node_id":"development-node","process_id":4062,"process_start_id":"db97cf395f5b6f5b682ed37b98c203dc","region":"local","schema_version":1,"sequence":1,"service_instance":"gateway-dev-01","service_name":"gateway","severity":"INFO","source_file":"/private/tmp/realmmesh-p6-fixed/final/framework/service_host/src/service_frame.cpp","source_line":151,"thread_id":9810675905446315910,"timestamp":"2026-10-07T07:27:12.803686000Z","zone":"development"}
660: {"attribute_data_classes":{"listen_address":"internal","listen_port":"internal","transport":"internal","transport_name":"internal"},"attributes":{"listen_address":"0.0.0.0","listen_port":54202,"transport":"tls_tcp","transport_name":"client_tls_tcp"},"cluster":"local","environment":"development","event_name":"listener_started","kind":"diagnostic","message":"gateway listener started","module":"framework.service_host","node_id":"development-node","process_id":4062,"process_start_id":"db97cf395f5b6f5b682ed37b98c203dc","region":"local","schema_version":1,"sequence":2,"service_instance":"gateway-dev-01","service_name":"gateway","severity":"INFO","source_file":"/private/tmp/realmmesh-p6-fixed/final/framework/service_host/src/service_frame.cpp","source_line":151,"thread_id":9810675905446315910,"timestamp":"2026-10-07T07:27:12.803761000Z","zone":"development"}
660: {"attribute_data_classes":{},"attributes":{},"cluster":"local","environment":"development","event_name":"service_started","kind":"diagnostic","message":"gateway service started","module":"framework.service_host","node_id":"development-node","process_id":4062,"process_start_id":"db97cf395f5b6f5b682ed37b98c203dc","region":"local","schema_version":1,"sequence":3,"service_instance":"gateway-dev-01","service_name":"gateway","severity":"INFO","source_file":"/private/tmp/realmmesh-p6-fixed/final/framework/service_host/src/service_frame.cpp","source_line":161,"thread_id":9810675905446315910,"timestamp":"2026-10-07T07:27:12.803831000Z","zone":"development"}
660: {"attribute_data_classes":{"protocol":"internal","session_id":"internal","transport_name":"internal"},"attributes":{"protocol":"tls_tcp","session_id":1,"transport_name":"client_tls_tcp"},"cluster":"local","environment":"development","event_name":"connection_accepted","kind":"diagnostic","message":"tls transport accepted incoming connection","module":"framework.network","node_id":"development-node","process_id":4062,"process_start_id":"db97cf395f5b6f5b682ed37b98c203dc","region":"local","schema_version":1,"sequence":4,"service_instance":"gateway-dev-01","service_name":"gateway","severity":"INFO","source_file":"/private/tmp/realmmesh-p6-fixed/final/framework/network/src/tls/tls_tcp_transport.cpp","source_line":152,"thread_id":3775288014128384087,"timestamp":"2026-10-07T07:27:14.848292000Z","zone":"development"}
660: {"attribute_data_classes":{"alpn":"internal","protocol":"internal","session_id":"internal","transport_name":"internal"},"attributes":{"alpn":"realmmesh-edge/1","protocol":"tls_tcp","session_id":1,"transport_name":"client_tls_tcp"},"cluster":"local","environment":"development","event_name":"tls_handshake_completed","kind":"diagnostic","message":"tls transport completed handshake","module":"framework.network","node_id":"development-node","process_id":4062,"process_start_id":"db97cf395f5b6f5b682ed37b98c203dc","region":"local","schema_version":1,"sequence":5,"service_instance":"gateway-dev-01","service_name":"gateway","severity":"INFO","source_file":"/private/tmp/realmmesh-p6-fixed/final/framework/network/src/tls/tls_tcp_transport.cpp","source_line":185,"thread_id":3775288014128384087,"timestamp":"2026-10-07T07:27:14.852212000Z","zone":"development"}
660: {"attribute_data_classes":{"gateway_instance":"internal","result":"internal"},"attributes":{"gateway_instance":"gateway-dev-01","result":"reserved"},"cluster":"local","environment":"development","event_name":"gateway_credential_audit","kind":"diagnostic","message":"gateway credential admission outcome","module":"game.gateway","node_id":"development-node","process_id":4062,"process_start_id":"db97cf395f5b6f5b682ed37b98c203dc","region":"local","schema_version":1,"sequence":6,"service_instance":"gateway-dev-01","service_name":"gateway","severity":"INFO","source_file":"/private/tmp/realmmesh-p6-fixed/final/game/gateway/src/gateway_login_pipeline.cpp","source_line":722,"thread_id":13434383631989601735,"timestamp":"2026-10-07T07:27:14.869832000Z","zone":"development"}
660: {"attribute_data_classes":{"account_id":"pseudonymous","session_id":"internal"},"attributes":{"account_id":5115113555351659826,"session_id":1},"cluster":"local","environment":"development","event_name":"edge_session_attached","kind":"diagnostic","message":"edge session attached","module":"game.gateway","node_id":"development-node","process_id":4062,"process_start_id":"db97cf395f5b6f5b682ed37b98c203dc","region":"local","schema_version":1,"sequence":7,"service_instance":"gateway-dev-01","service_name":"gateway","severity":"INFO","source_file":"/private/tmp/realmmesh-p6-fixed/final/game/gateway/src/gateway_login_pipeline.cpp","source_line":659,"thread_id":13434383631989601735,"timestamp":"2026-10-07T07:27:14.874781000Z","zone":"development"}
660: {"attribute_data_classes":{"session_id":"internal"},"attributes":{"session_id":1},"cluster":"local","environment":"development","event_name":"edge_fetch_completed","kind":"diagnostic","message":"edge fetch completed","module":"game.gateway","node_id":"development-node","process_id":4062,"process_start_id":"db97cf395f5b6f5b682ed37b98c203dc","region":"local","schema_version":1,"sequence":8,"service_instance":"gateway-dev-01","service_name":"gateway","severity":"INFO","source_file":"/private/tmp/realmmesh-p6-fixed/final/game/gateway/src/gateway_login_pipeline.cpp","source_line":393,"thread_id":13434383631989601735,"timestamp":"2026-10-07T07:27:14.890008000Z","zone":"development"}
660: {"attribute_data_classes":{"account_id":"pseudonymous","session_id":"internal"},"attributes":{"account_id":5115113555351659826,"session_id":1},"cluster":"local","environment":"development","event_name":"edge_handoff_granted","kind":"diagnostic","message":"enter-realm handoff granted","module":"game.gateway","node_id":"development-node","process_id":4062,"process_start_id":"db97cf395f5b6f5b682ed37b98c203dc","region":"local","schema_version":1,"sequence":9,"service_instance":"gateway-dev-01","service_name":"gateway","severity":"INFO","source_file":"/private/tmp/realmmesh-p6-fixed/final/game/gateway/src/gateway_login_pipeline.cpp","source_line":590,"thread_id":13434383631989601735,"timestamp":"2026-10-07T07:27:14.890300000Z","zone":"development"}
660: {"attribute_data_classes":{"protocol":"internal","session_id":"internal","transport_name":"internal"},"attributes":{"protocol":"tls_tcp","session_id":1,"transport_name":"realm_tls_tcp"},"cluster":"local","environment":"development","event_name":"connection_accepted","kind":"diagnostic","message":"tls transport accepted incoming connection","module":"framework.network","node_id":"development-node","process_id":4062,"process_start_id":"1693b3c41fe84a5830116da0c7f49f08","region":"local","schema_version":1,"sequence":2,"service_instance":"realm-dev-01","service_name":"realm","severity":"INFO","source_file":"/private/tmp/realmmesh-p6-fixed/final/framework/network/src/tls/tls_tcp_transport.cpp","source_line":152,"thread_id":7217305186438965655,"timestamp":"2026-10-07T07:27:14.894009000Z","zone":"development"}
660: {"attribute_data_classes":{"protocol":"internal","reason":"internal","session_id":"internal","transport_name":"internal"},"attributes":{"protocol":"tls_tcp","reason":"peer_closed","session_id":1,"transport_name":"client_tls_tcp"},"cluster":"local","environment":"development","event_name":"connection_closed","kind":"diagnostic","message":"tls transport closed session","module":"framework.network","node_id":"development-node","process_id":4062,"process_start_id":"db97cf395f5b6f5b682ed37b98c203dc","region":"local","schema_version":1,"sequence":10,"service_instance":"gateway-dev-01","service_name":"gateway","severity":"INFO","source_file":"/private/tmp/realmmesh-p6-fixed/final/framework/network/src/tls/tls_tcp_transport.cpp","source_line":276,"thread_id":3775288014128384087,"timestamp":"2026-10-07T07:27:14.894416000Z","zone":"development"}
660: {"attribute_data_classes":{"alpn":"internal","protocol":"internal","session_id":"internal","transport_name":"internal"},"attributes":{"alpn":"realmmesh-edge/1","protocol":"tls_tcp","session_id":1,"transport_name":"realm_tls_tcp"},"cluster":"local","environment":"development","event_name":"tls_handshake_completed","kind":"diagnostic","message":"tls transport completed handshake","module":"framework.network","node_id":"development-node","process_id":4062,"process_start_id":"1693b3c41fe84a5830116da0c7f49f08","region":"local","schema_version":1,"sequence":3,"service_instance":"realm-dev-01","service_name":"realm","severity":"INFO","source_file":"/private/tmp/realmmesh-p6-fixed/final/framework/network/src/tls/tls_tcp_transport.cpp","source_line":185,"thread_id":7217305186438965655,"timestamp":"2026-10-07T07:27:14.895589000Z","zone":"development"}
660: {"attribute_data_classes":{"account_id":"pseudonymous"},"attributes":{"account_id":5115113555351659826},"cluster":"local","environment":"development","event_name":"player_session_established","kind":"diagnostic","message":"realm accepted direct entry","module":"framework.service_host","node_id":"development-node","process_id":4062,"process_start_id":"1693b3c41fe84a5830116da0c7f49f08","region":"local","request_id":0,"schema_version":1,"sequence":4,"service_instance":"realm-dev-01","service_name":"realm","severity":"INFO","source_file":"/private/tmp/realmmesh-p6-fixed/final/framework/service_host/src/service_frame.cpp","source_line":365,"thread_id":13434383631989601735,"timestamp":"2026-10-07T07:27:14.903657000Z","zone":"development"}
660: loadgen report
660: robots: 1  completed: 1
660: verify: attempts=1 failures=0 p50_ms=20.055541 p99_ms=20.055541 max_ms=20.055541
660: tickets: attempts=1 failures=0 p50_ms=19.779584 p99_ms=19.779584 max_ms=19.779584
660: poll: attempts=36 failures=0 p50_ms=2.423709 p99_ms=6.118209 max_ms=6.118209
660: attach: attempts=1 failures=0 p50_ms=20.666250 p99_ms=20.666250 max_ms=20.666250
660: handoff: attempts=1 failures=0 p50_ms=21.707042 p99_ms=21.707042 max_ms=21.707042
660: realm: attempts=1 failures=0 p50_ms=12.254584 p99_ms=12.254584 max_ms=12.254584
660: {"attribute_data_classes":{"protocol":"internal","reason":"internal","session_id":"internal","transport_name":"internal"},"attributes":{"protocol":"tls_tcp","reason":"peer_closed","session_id":1,"transport_name":"realm_tls_tcp"},"cluster":"local","environment":"development","event_name":"connection_closed","kind":"diagnostic","message":"tls transport closed session","module":"framework.network","node_id":"development-node","process_id":4062,"process_start_id":"1693b3c41fe84a5830116da0c7f49f08","region":"local","schema_version":1,"sequence":5,"service_instance":"realm-dev-01","service_name":"realm","severity":"INFO","source_file":"/private/tmp/realmmesh-p6-fixed/final/framework/network/src/tls/tls_tcp_transport.cpp","source_line":276,"thread_id":7217305186438965655,"timestamp":"2026-10-07T07:27:14.913482000Z","zone":"development"}
660: {"attribute_data_classes":{"delivered":"internal","delivery_failed":"internal","invalid_source_disconnects":"internal","outbound_rejected":"internal","overload_disconnects":"internal","unknown_session_commands":"internal"},"attributes":{"delivered":2,"delivery_failed":0,"invalid_source_disconnects":0,"outbound_rejected":0,"overload_disconnects":0,"unknown_session_commands":0},"cluster":"local","environment":"development","event_name":"service_stopped","kind":"diagnostic","message":"gateway service stopped","module":"framework.service_host","node_id":"development-node","process_id":4062,"process_start_id":"db97cf395f5b6f5b682ed37b98c203dc","region":"local","schema_version":1,"sequence":11,"service_instance":"gateway-dev-01","service_name":"gateway","severity":"INFO","source_file":"/private/tmp/realmmesh-p6-fixed/final/framework/service_host/src/service_frame.cpp","source_line":201,"thread_id":9810675905446315910,"timestamp":"2026-10-07T07:27:14.916866000Z","zone":"development"}
660: {"attribute_data_classes":{},"attributes":{},"cluster":"local","environment":"development","event_name":"service_stopped","kind":"diagnostic","message":"login_verify service stopped","module":"framework.service_host","node_id":"development-node","process_id":4062,"process_start_id":"d67ff3779981a683014d514e3a76639e","region":"local","schema_version":1,"sequence":3,"service_instance":"login-verify-dev-01","service_name":"login_verify","severity":"INFO","source_file":"/private/tmp/realmmesh-p6-fixed/final/framework/service_host/src/service_host.cpp","source_line":364,"thread_id":9810675905446315910,"timestamp":"2026-10-07T07:27:15.706161000Z","zone":"development"}
660: {"attribute_data_classes":{},"attributes":{},"cluster":"local","environment":"development","event_name":"service_stopped","kind":"diagnostic","message":"queue service stopped","module":"framework.service_host","node_id":"development-node","process_id":4062,"process_start_id":"cf6e64762b3126ea4db20c8906bf0291","region":"local","schema_version":1,"sequence":3,"service_instance":"queue-dev-01","service_name":"queue","severity":"INFO","source_file":"/private/tmp/realmmesh-p6-fixed/final/framework/service_host/src/service_host.cpp","source_line":364,"thread_id":9810675905446315910,"timestamp":"2026-10-07T07:27:15.706475000Z","zone":"development"}
660: {"attribute_data_classes":{},"attributes":{},"cluster":"local","environment":"development","event_name":"service_stopped","kind":"diagnostic","message":"realm service stopped","module":"framework.service_host","node_id":"development-node","process_id":4062,"process_start_id":"1693b3c41fe84a5830116da0c7f49f08","region":"local","schema_version":1,"sequence":6,"service_instance":"realm-dev-01","service_name":"realm","severity":"INFO","source_file":"/private/tmp/realmmesh-p6-fixed/final/framework/service_host/src/service_frame.cpp","source_line":219,"thread_id":9810675905446315910,"timestamp":"2026-10-07T07:27:15.707482000Z","zone":"development"}
660: {"level":"error","ts":"2026-10-07T15:27:15.799656+0800","caller":"embed/etcd.go:912","msg":"setting up serving from embedded etcd failed.","error":"mux: server closed","stacktrace":"go.etcd.io/etcd/server/v3/embed.(*Etcd).errHandler\n\tgo.etcd.io/etcd/server/v3/embed/etcd.go:912\ngo.etcd.io/etcd/server/v3/embed.(*serveCtx).startHandler.func1\n\tgo.etcd.io/etcd/server/v3/embed/serve.go:91"}
660: {"level":"error","ts":"2026-10-07T15:27:15.799649+0800","caller":"embed/etcd.go:912","msg":"setting up serving from embedded etcd failed.","error":"http: Server closed","stacktrace":"go.etcd.io/etcd/server/v3/embed.(*Etcd).errHandler\n\tgo.etcd.io/etcd/server/v3/embed/etcd.go:912\ngo.etcd.io/etcd/server/v3/embed.(*serveCtx).startHandler.func1\n\tgo.etcd.io/etcd/server/v3/embed/serve.go:91"}
660: {"level":"error","ts":"2026-10-07T15:27:15.799835+0800","caller":"embed/etcd.go:912","msg":"setting up serving from embedded etcd failed.","error":"accept tcp 127.0.0.1:54204: use of closed network connection","stacktrace":"go.etcd.io/etcd/server/v3/embed.(*Etcd).errHandler\n\tgo.etcd.io/etcd/server/v3/embed/etcd.go:912\ngo.etcd.io/etcd/server/v3/embed.(*Etcd).startHandler.func1\n\tgo.etcd.io/etcd/server/v3/embed/etcd.go:906"}
660: {"level":"error","ts":"2026-10-07T15:27:15.825193+0800","caller":"embed/etcd.go:912","msg":"setting up serving from embedded etcd failed.","error":"accept tcp 127.0.0.1:54205: use of closed network connection","stacktrace":"go.etcd.io/etcd/server/v3/embed.(*Etcd).errHandler\n\tgo.etcd.io/etcd/server/v3/embed/etcd.go:912\ngo.etcd.io/etcd/server/v3/embed.(*Etcd).startHandler.func1\n\tgo.etcd.io/etcd/server/v3/embed/etcd.go:906"}
660: [       OK ] LoadgenIntegrationTest.FullTargetRedeemsRealmSession (4751 ms)
660: [----------] 1 test from LoadgenIntegrationTest (4751 ms total)
660: 
660: [----------] Global test environment tear-down
660: [==========] 1 test from 1 test suite ran. (4751 ms total)
660: [  PASSED  ] 1 test.
    Test #660: LoadgenIntegrationTest.FullTargetRedeemsRealmSession ............   Passed    4.94 sec
    Start 660: LoadgenIntegrationTest.FullTargetRedeemsRealmSession

660: Test command: /private/tmp/realmmesh-p6-fixed/final/build/dev-ninja/tests/cpp/tools/loadgen/loadgen_integration_test "--gtest_filter=LoadgenIntegrationTest.FullTargetRedeemsRealmSession" "--gtest_also_run_disabled_tests"
660: Working Directory: /private/tmp/realmmesh-p6-fixed/final/build/dev-ninja/tests/cpp
660: Test timeout computed to be: 1500
660: Running main() from /private/tmp/realmmesh-p5/deps-src/googletest-src/googletest/src/gtest_main.cc
660: Note: Google Test filter = LoadgenIntegrationTest.FullTargetRedeemsRealmSession
660: [==========] Running 1 test from 1 test suite.
660: [----------] Global test environment set-up.
660: [----------] 1 test from LoadgenIntegrationTest
660: [ RUN      ] LoadgenIntegrationTest.FullTargetRedeemsRealmSession
660: {"t":{"$date":"2026-10-07T15:27:16.238+08:00"},"s":"I",  "c":"-",        "id":8991200, "ctx":"thread1","msg":"Shuffling initializers","attr":{"seed":2043921091}}
660: {"attribute_data_classes":{"listen_address":"internal","listen_port":"internal","transport":"internal","transport_name":"internal"},"attributes":{"listen_address":"127.0.0.1","listen_port":54267,"transport":"tls_tcp","transport_name":"https"},"cluster":"local","environment":"development","event_name":"listener_started","kind":"diagnostic","message":"login_verify listener started","module":"game.login_verify","node_id":"development-node","process_id":4068,"process_start_id":"890fdce43218c01e747580ff7aff70da","region":"local","schema_version":1,"sequence":1,"service_instance":"login-verify-dev-01","service_name":"login_verify","severity":"INFO","source_file":"/private/tmp/realmmesh-p6-fixed/final/game/login_verify/src/login_verify_service.cpp","source_line":57,"thread_id":9810675905446315910,"timestamp":"2026-10-07T07:27:17.332897000Z","zone":"development"}
660: {"attribute_data_classes":{},"attributes":{},"cluster":"local","environment":"development","event_name":"service_started","kind":"diagnostic","message":"login_verify service started","module":"game.login_verify","node_id":"development-node","process_id":4068,"process_start_id":"890fdce43218c01e747580ff7aff70da","region":"local","schema_version":1,"sequence":2,"service_instance":"login-verify-dev-01","service_name":"login_verify","severity":"INFO","source_file":"/private/tmp/realmmesh-p6-fixed/final/game/login_verify/src/login_verify_service.cpp","source_line":66,"thread_id":9810675905446315910,"timestamp":"2026-10-07T07:27:17.333368000Z","zone":"development"}
660: {"attribute_data_classes":{"listen_address":"internal","listen_port":"internal","transport":"internal","transport_name":"internal"},"attributes":{"listen_address":"127.0.0.1","listen_port":54268,"transport":"tls_tcp","transport_name":"https"},"cluster":"local","environment":"development","event_name":"listener_started","kind":"diagnostic","message":"queue listener started","module":"game.queue","node_id":"development-node","process_id":4068,"process_start_id":"246e382f278ba041b2b48a77df3ddc8d","region":"local","schema_version":1,"sequence":1,"service_instance":"queue-dev-01","service_name":"queue","severity":"INFO","source_file":"/private/tmp/realmmesh-p6-fixed/final/game/queue/src/queue_service.cpp","source_line":120,"thread_id":9810675905446315910,"timestamp":"2026-10-07T07:27:17.336016000Z","zone":"development"}
660: {"attribute_data_classes":{},"attributes":{},"cluster":"local","environment":"development","event_name":"service_started","kind":"diagnostic","message":"queue service started","module":"game.queue","node_id":"development-node","process_id":4068,"process_start_id":"246e382f278ba041b2b48a77df3ddc8d","region":"local","schema_version":1,"sequence":2,"service_instance":"queue-dev-01","service_name":"queue","severity":"INFO","source_file":"/private/tmp/realmmesh-p6-fixed/final/game/queue/src/queue_service.cpp","source_line":129,"thread_id":9810675905446315910,"timestamp":"2026-10-07T07:27:17.336085000Z","zone":"development"}
660: {"attribute_data_classes":{"listen_address":"internal","listen_port":"internal"},"attributes":{"listen_address":"0.0.0.0","listen_port":54270},"cluster":"local","environment":"development","event_name":"service_started","kind":"diagnostic","message":"realm service started","module":"framework.service_host","node_id":"development-node","process_id":4068,"process_start_id":"abf7681d7816ee2f5215324d545f128f","region":"local","schema_version":1,"sequence":1,"service_instance":"realm-dev-01","service_name":"realm","severity":"INFO","source_file":"/private/tmp/realmmesh-p6-fixed/final/framework/service_host/src/service_frame.cpp","source_line":165,"thread_id":9810675905446315910,"timestamp":"2026-10-07T07:27:17.338381000Z","zone":"development"}
660: {"attribute_data_classes":{"listen_address":"internal","listen_port":"internal","transport":"internal","transport_name":"internal"},"attributes":{"listen_address":"0.0.0.0","listen_port":54269,"transport":"quic","transport_name":"client_quic"},"cluster":"local","environment":"development","event_name":"listener_started","kind":"diagnostic","message":"gateway listener started","module":"framework.service_host","node_id":"development-node","process_id":4068,"process_start_id":"e6f27468a9d3f6fa0ffc128372de563e","region":"local","schema_version":1,"sequence":1,"service_instance":"gateway-dev-01","service_name":"gateway","severity":"INFO","source_file":"/private/tmp/realmmesh-p6-fixed/final/framework/service_host/src/service_frame.cpp","source_line":151,"thread_id":9810675905446315910,"timestamp":"2026-10-07T07:27:17.341108000Z","zone":"development"}
660: {"attribute_data_classes":{"listen_address":"internal","listen_port":"internal","transport":"internal","transport_name":"internal"},"attributes":{"listen_address":"0.0.0.0","listen_port":54269,"transport":"tls_tcp","transport_name":"client_tls_tcp"},"cluster":"local","environment":"development","event_name":"listener_started","kind":"diagnostic","message":"gateway listener started","module":"framework.service_host","node_id":"development-node","process_id":4068,"process_start_id":"e6f27468a9d3f6fa0ffc128372de563e","region":"local","schema_version":1,"sequence":2,"service_instance":"gateway-dev-01","service_name":"gateway","severity":"INFO","source_file":"/private/tmp/realmmesh-p6-fixed/final/framework/service_host/src/service_frame.cpp","source_line":151,"thread_id":9810675905446315910,"timestamp":"2026-10-07T07:27:17.341176000Z","zone":"development"}
660: {"attribute_data_classes":{},"attributes":{},"cluster":"local","environment":"development","event_name":"service_started","kind":"diagnostic","message":"gateway service started","module":"framework.service_host","node_id":"development-node","process_id":4068,"process_start_id":"e6f27468a9d3f6fa0ffc128372de563e","region":"local","schema_version":1,"sequence":3,"service_instance":"gateway-dev-01","service_name":"gateway","severity":"INFO","source_file":"/private/tmp/realmmesh-p6-fixed/final/framework/service_host/src/service_frame.cpp","source_line":161,"thread_id":9810675905446315910,"timestamp":"2026-10-07T07:27:17.341232000Z","zone":"development"}
660: {"attribute_data_classes":{"protocol":"internal","session_id":"internal","transport_name":"internal"},"attributes":{"protocol":"tls_tcp","session_id":1,"transport_name":"client_tls_tcp"},"cluster":"local","environment":"development","event_name":"connection_accepted","kind":"diagnostic","message":"tls transport accepted incoming connection","module":"framework.network","node_id":"development-node","process_id":4068,"process_start_id":"e6f27468a9d3f6fa0ffc128372de563e","region":"local","schema_version":1,"sequence":4,"service_instance":"gateway-dev-01","service_name":"gateway","severity":"INFO","source_file":"/private/tmp/realmmesh-p6-fixed/final/framework/network/src/tls/tls_tcp_transport.cpp","source_line":152,"thread_id":2434858432215066727,"timestamp":"2026-10-07T07:27:19.397886000Z","zone":"development"}
660: {"attribute_data_classes":{"alpn":"internal","protocol":"internal","session_id":"internal","transport_name":"internal"},"attributes":{"alpn":"realmmesh-edge/1","protocol":"tls_tcp","session_id":1,"transport_name":"client_tls_tcp"},"cluster":"local","environment":"development","event_name":"tls_handshake_completed","kind":"diagnostic","message":"tls transport completed handshake","module":"framework.network","node_id":"development-node","process_id":4068,"process_start_id":"e6f27468a9d3f6fa0ffc128372de563e","region":"local","schema_version":1,"sequence":5,"service_instance":"gateway-dev-01","service_name":"gateway","severity":"INFO","source_file":"/private/tmp/realmmesh-p6-fixed/final/framework/network/src/tls/tls_tcp_transport.cpp","source_line":185,"thread_id":2434858432215066727,"timestamp":"2026-10-07T07:27:19.401945000Z","zone":"development"}
660: {"attribute_data_classes":{"gateway_instance":"internal","result":"internal"},"attributes":{"gateway_instance":"gateway-dev-01","result":"reserved"},"cluster":"local","environment":"development","event_name":"gateway_credential_audit","kind":"diagnostic","message":"gateway credential admission outcome","module":"game.gateway","node_id":"development-node","process_id":4068,"process_start_id":"e6f27468a9d3f6fa0ffc128372de563e","region":"local","schema_version":1,"sequence":6,"service_instance":"gateway-dev-01","service_name":"gateway","severity":"INFO","source_file":"/private/tmp/realmmesh-p6-fixed/final/game/gateway/src/gateway_login_pipeline.cpp","source_line":722,"thread_id":8887957132746207082,"timestamp":"2026-10-07T07:27:19.417029000Z","zone":"development"}
660: {"attribute_data_classes":{"account_id":"pseudonymous","session_id":"internal"},"attributes":{"account_id":5115113555351659826,"session_id":1},"cluster":"local","environment":"development","event_name":"edge_session_attached","kind":"diagnostic","message":"edge session attached","module":"game.gateway","node_id":"development-node","process_id":4068,"process_start_id":"e6f27468a9d3f6fa0ffc128372de563e","region":"local","schema_version":1,"sequence":7,"service_instance":"gateway-dev-01","service_name":"gateway","severity":"INFO","source_file":"/private/tmp/realmmesh-p6-fixed/final/game/gateway/src/gateway_login_pipeline.cpp","source_line":659,"thread_id":8887957132746207082,"timestamp":"2026-10-07T07:27:19.421978000Z","zone":"development"}
660: {"attribute_data_classes":{"session_id":"internal"},"attributes":{"session_id":1},"cluster":"local","environment":"development","event_name":"edge_fetch_completed","kind":"diagnostic","message":"edge fetch completed","module":"game.gateway","node_id":"development-node","process_id":4068,"process_start_id":"e6f27468a9d3f6fa0ffc128372de563e","region":"local","schema_version":1,"sequence":8,"service_instance":"gateway-dev-01","service_name":"gateway","severity":"INFO","source_file":"/private/tmp/realmmesh-p6-fixed/final/game/gateway/src/gateway_login_pipeline.cpp","source_line":393,"thread_id":8887957132746207082,"timestamp":"2026-10-07T07:27:19.438072000Z","zone":"development"}
660: {"attribute_data_classes":{"account_id":"pseudonymous","session_id":"internal"},"attributes":{"account_id":5115113555351659826,"session_id":1},"cluster":"local","environment":"development","event_name":"edge_handoff_granted","kind":"diagnostic","message":"enter-realm handoff granted","module":"game.gateway","node_id":"development-node","process_id":4068,"process_start_id":"e6f27468a9d3f6fa0ffc128372de563e","region":"local","schema_version":1,"sequence":9,"service_instance":"gateway-dev-01","service_name":"gateway","severity":"INFO","source_file":"/private/tmp/realmmesh-p6-fixed/final/game/gateway/src/gateway_login_pipeline.cpp","source_line":590,"thread_id":8887957132746207082,"timestamp":"2026-10-07T07:27:19.438416000Z","zone":"development"}
660: {"attribute_data_classes":{"protocol":"internal","session_id":"internal","transport_name":"internal"},"attributes":{"protocol":"tls_tcp","session_id":1,"transport_name":"realm_tls_tcp"},"cluster":"local","environment":"development","event_name":"connection_accepted","kind":"diagnostic","message":"tls transport accepted incoming connection","module":"framework.network","node_id":"development-node","process_id":4068,"process_start_id":"abf7681d7816ee2f5215324d545f128f","region":"local","schema_version":1,"sequence":2,"service_instance":"realm-dev-01","service_name":"realm","severity":"INFO","source_file":"/private/tmp/realmmesh-p6-fixed/final/framework/network/src/tls/tls_tcp_transport.cpp","source_line":152,"thread_id":7970990511168739100,"timestamp":"2026-10-07T07:27:19.439458000Z","zone":"development"}
660: {"attribute_data_classes":{"protocol":"internal","reason":"internal","session_id":"internal","transport_name":"internal"},"attributes":{"protocol":"tls_tcp","reason":"peer_closed","session_id":1,"transport_name":"client_tls_tcp"},"cluster":"local","environment":"development","event_name":"connection_closed","kind":"diagnostic","message":"tls transport closed session","module":"framework.network","node_id":"development-node","process_id":4068,"process_start_id":"e6f27468a9d3f6fa0ffc128372de563e","region":"local","schema_version":1,"sequence":10,"service_instance":"gateway-dev-01","service_name":"gateway","severity":"INFO","source_file":"/private/tmp/realmmesh-p6-fixed/final/framework/network/src/tls/tls_tcp_transport.cpp","source_line":276,"thread_id":2434858432215066727,"timestamp":"2026-10-07T07:27:19.440421000Z","zone":"development"}
660: {"attribute_data_classes":{"alpn":"internal","protocol":"internal","session_id":"internal","transport_name":"internal"},"attributes":{"alpn":"realmmesh-edge/1","protocol":"tls_tcp","session_id":1,"transport_name":"realm_tls_tcp"},"cluster":"local","environment":"development","event_name":"tls_handshake_completed","kind":"diagnostic","message":"tls transport completed handshake","module":"framework.network","node_id":"development-node","process_id":4068,"process_start_id":"abf7681d7816ee2f5215324d545f128f","region":"local","schema_version":1,"sequence":3,"service_instance":"realm-dev-01","service_name":"realm","severity":"INFO","source_file":"/private/tmp/realmmesh-p6-fixed/final/framework/network/src/tls/tls_tcp_transport.cpp","source_line":185,"thread_id":7970990511168739100,"timestamp":"2026-10-07T07:27:19.441759000Z","zone":"development"}
660: {"attribute_data_classes":{"account_id":"pseudonymous"},"attributes":{"account_id":5115113555351659826},"cluster":"local","environment":"development","event_name":"player_session_established","kind":"diagnostic","message":"realm accepted direct entry","module":"framework.service_host","node_id":"development-node","process_id":4068,"process_start_id":"abf7681d7816ee2f5215324d545f128f","region":"local","request_id":0,"schema_version":1,"sequence":4,"service_instance":"realm-dev-01","service_name":"realm","severity":"INFO","source_file":"/private/tmp/realmmesh-p6-fixed/final/framework/service_host/src/service_frame.cpp","source_line":365,"thread_id":8887957132746207082,"timestamp":"2026-10-07T07:27:19.443813000Z","zone":"development"}
660: loadgen report
660: robots: 1  completed: 1
660: verify: attempts=1 failures=0 p50_ms=20.185709 p99_ms=20.185709 max_ms=20.185709
660: tickets: attempts=1 failures=0 p50_ms=19.140833 p99_ms=19.140833 max_ms=19.140833
660: poll: attempts=37 failures=0 p50_ms=1.272875 p99_ms=5.705042 max_ms=5.705042
660: attach: attempts=1 failures=0 p50_ms=16.250083 p99_ms=16.250083 max_ms=16.250083
660: handoff: attempts=1 failures=0 p50_ms=21.349250 p99_ms=21.349250 max_ms=21.349250
660: realm: attempts=1 failures=0 p50_ms=5.472833 p99_ms=5.472833 max_ms=5.472833
660: {"attribute_data_classes":{"protocol":"internal","reason":"internal","session_id":"internal","transport_name":"internal"},"attributes":{"protocol":"tls_tcp","reason":"peer_closed","session_id":1,"transport_name":"realm_tls_tcp"},"cluster":"local","environment":"development","event_name":"connection_closed","kind":"diagnostic","message":"tls transport closed session","module":"framework.network","node_id":"development-node","process_id":4068,"process_start_id":"abf7681d7816ee2f5215324d545f128f","region":"local","schema_version":1,"sequence":5,"service_instance":"realm-dev-01","service_name":"realm","severity":"INFO","source_file":"/private/tmp/realmmesh-p6-fixed/final/framework/network/src/tls/tls_tcp_transport.cpp","source_line":276,"thread_id":7970990511168739100,"timestamp":"2026-10-07T07:27:19.452298000Z","zone":"development"}
660: {"attribute_data_classes":{"delivered":"internal","delivery_failed":"internal","invalid_source_disconnects":"internal","outbound_rejected":"internal","overload_disconnects":"internal","unknown_session_commands":"internal"},"attributes":{"delivered":2,"delivery_failed":0,"invalid_source_disconnects":0,"outbound_rejected":0,"overload_disconnects":0,"unknown_session_commands":0},"cluster":"local","environment":"development","event_name":"service_stopped","kind":"diagnostic","message":"gateway service stopped","module":"framework.service_host","node_id":"development-node","process_id":4068,"process_start_id":"e6f27468a9d3f6fa0ffc128372de563e","region":"local","schema_version":1,"sequence":11,"service_instance":"gateway-dev-01","service_name":"gateway","severity":"INFO","source_file":"/private/tmp/realmmesh-p6-fixed/final/framework/service_host/src/service_frame.cpp","source_line":201,"thread_id":9810675905446315910,"timestamp":"2026-10-07T07:27:19.457218000Z","zone":"development"}
660: {"attribute_data_classes":{},"attributes":{},"cluster":"local","environment":"development","event_name":"service_stopped","kind":"diagnostic","message":"login_verify service stopped","module":"framework.service_host","node_id":"development-node","process_id":4068,"process_start_id":"890fdce43218c01e747580ff7aff70da","region":"local","schema_version":1,"sequence":3,"service_instance":"login-verify-dev-01","service_name":"login_verify","severity":"INFO","source_file":"/private/tmp/realmmesh-p6-fixed/final/framework/service_host/src/service_host.cpp","source_line":364,"thread_id":9810675905446315910,"timestamp":"2026-10-07T07:27:20.251604000Z","zone":"development"}
660: {"attribute_data_classes":{},"attributes":{},"cluster":"local","environment":"development","event_name":"service_stopped","kind":"diagnostic","message":"queue service stopped","module":"framework.service_host","node_id":"development-node","process_id":4068,"process_start_id":"246e382f278ba041b2b48a77df3ddc8d","region":"local","schema_version":1,"sequence":3,"service_instance":"queue-dev-01","service_name":"queue","severity":"INFO","source_file":"/private/tmp/realmmesh-p6-fixed/final/framework/service_host/src/service_host.cpp","source_line":364,"thread_id":9810675905446315910,"timestamp":"2026-10-07T07:27:20.252446000Z","zone":"development"}
660: {"attribute_data_classes":{},"attributes":{},"cluster":"local","environment":"development","event_name":"service_stopped","kind":"diagnostic","message":"realm service stopped","module":"framework.service_host","node_id":"development-node","process_id":4068,"process_start_id":"abf7681d7816ee2f5215324d545f128f","region":"local","schema_version":1,"sequence":6,"service_instance":"realm-dev-01","service_name":"realm","severity":"INFO","source_file":"/private/tmp/realmmesh-p6-fixed/final/framework/service_host/src/service_frame.cpp","source_line":219,"thread_id":9810675905446315910,"timestamp":"2026-10-07T07:27:20.254777000Z","zone":"development"}
660: {"level":"error","ts":"2026-10-07T15:27:20.339814+0800","caller":"embed/etcd.go:912","msg":"setting up serving from embedded etcd failed.","error":"mux: server closed","stacktrace":"go.etcd.io/etcd/server/v3/embed.(*Etcd).errHandler\n\tgo.etcd.io/etcd/server/v3/embed/etcd.go:912\ngo.etcd.io/etcd/server/v3/embed.(*serveCtx).startHandler.func1\n\tgo.etcd.io/etcd/server/v3/embed/serve.go:91"}
660: {"level":"error","ts":"2026-10-07T15:27:20.339801+0800","caller":"embed/etcd.go:912","msg":"setting up serving from embedded etcd failed.","error":"http: Server closed","stacktrace":"go.etcd.io/etcd/server/v3/embed.(*Etcd).errHandler\n\tgo.etcd.io/etcd/server/v3/embed/etcd.go:912\ngo.etcd.io/etcd/server/v3/embed.(*serveCtx).startHandler.func1\n\tgo.etcd.io/etcd/server/v3/embed/serve.go:91"}
660: {"level":"error","ts":"2026-10-07T15:27:20.340173+0800","caller":"embed/etcd.go:912","msg":"setting up serving from embedded etcd failed.","error":"accept tcp 127.0.0.1:54271: use of closed network connection","stacktrace":"go.etcd.io/etcd/server/v3/embed.(*Etcd).errHandler\n\tgo.etcd.io/etcd/server/v3/embed/etcd.go:912\ngo.etcd.io/etcd/server/v3/embed.(*Etcd).startHandler.func1\n\tgo.etcd.io/etcd/server/v3/embed/etcd.go:906"}
660: {"level":"error","ts":"2026-10-07T15:27:20.366177+0800","caller":"embed/etcd.go:912","msg":"setting up serving from embedded etcd failed.","error":"accept tcp 127.0.0.1:54272: use of closed network connection","stacktrace":"go.etcd.io/etcd/server/v3/embed.(*Etcd).errHandler\n\tgo.etcd.io/etcd/server/v3/embed/etcd.go:912\ngo.etcd.io/etcd/server/v3/embed.(*Etcd).startHandler.func1\n\tgo.etcd.io/etcd/server/v3/embed/etcd.go:906"}
660: [       OK ] LoadgenIntegrationTest.FullTargetRedeemsRealmSession (4365 ms)
660: [----------] 1 test from LoadgenIntegrationTest (4365 ms total)
660: 
660: [----------] Global test environment tear-down
660: [==========] 1 test from 1 test suite ran. (4365 ms total)
660: [  PASSED  ] 1 test.
    Test #660: LoadgenIntegrationTest.FullTargetRedeemsRealmSession ............   Passed    4.55 sec
    Start 660: LoadgenIntegrationTest.FullTargetRedeemsRealmSession

660: Test command: /private/tmp/realmmesh-p6-fixed/final/build/dev-ninja/tests/cpp/tools/loadgen/loadgen_integration_test "--gtest_filter=LoadgenIntegrationTest.FullTargetRedeemsRealmSession" "--gtest_also_run_disabled_tests"
660: Working Directory: /private/tmp/realmmesh-p6-fixed/final/build/dev-ninja/tests/cpp
660: Test timeout computed to be: 1500
660: Running main() from /private/tmp/realmmesh-p5/deps-src/googletest-src/googletest/src/gtest_main.cc
660: Note: Google Test filter = LoadgenIntegrationTest.FullTargetRedeemsRealmSession
660: [==========] Running 1 test from 1 test suite.
660: [----------] Global test environment set-up.
660: [----------] 1 test from LoadgenIntegrationTest
660: [ RUN      ] LoadgenIntegrationTest.FullTargetRedeemsRealmSession
660: {"t":{"$date":"2026-10-07T15:27:20.795+08:00"},"s":"I",  "c":"-",        "id":8991200, "ctx":"thread1","msg":"Shuffling initializers","attr":{"seed":2500724458}}
660: {"attribute_data_classes":{"listen_address":"internal","listen_port":"internal","transport":"internal","transport_name":"internal"},"attributes":{"listen_address":"127.0.0.1","listen_port":54328,"transport":"tls_tcp","transport_name":"https"},"cluster":"local","environment":"development","event_name":"listener_started","kind":"diagnostic","message":"login_verify listener started","module":"game.login_verify","node_id":"development-node","process_id":4157,"process_start_id":"40b4bac252fec4ede7db01b970dbee9a","region":"local","schema_version":1,"sequence":1,"service_instance":"login-verify-dev-01","service_name":"login_verify","severity":"INFO","source_file":"/private/tmp/realmmesh-p6-fixed/final/game/login_verify/src/login_verify_service.cpp","source_line":57,"thread_id":9810675905446315910,"timestamp":"2026-10-07T07:27:21.934582000Z","zone":"development"}
660: {"attribute_data_classes":{},"attributes":{},"cluster":"local","environment":"development","event_name":"service_started","kind":"diagnostic","message":"login_verify service started","module":"game.login_verify","node_id":"development-node","process_id":4157,"process_start_id":"40b4bac252fec4ede7db01b970dbee9a","region":"local","schema_version":1,"sequence":2,"service_instance":"login-verify-dev-01","service_name":"login_verify","severity":"INFO","source_file":"/private/tmp/realmmesh-p6-fixed/final/game/login_verify/src/login_verify_service.cpp","source_line":66,"thread_id":9810675905446315910,"timestamp":"2026-10-07T07:27:21.935154000Z","zone":"development"}
660: {"attribute_data_classes":{"listen_address":"internal","listen_port":"internal","transport":"internal","transport_name":"internal"},"attributes":{"listen_address":"127.0.0.1","listen_port":54329,"transport":"tls_tcp","transport_name":"https"},"cluster":"local","environment":"development","event_name":"listener_started","kind":"diagnostic","message":"queue listener started","module":"game.queue","node_id":"development-node","process_id":4157,"process_start_id":"9f6860a11783b297b22de4ea5397f7ca","region":"local","schema_version":1,"sequence":1,"service_instance":"queue-dev-01","service_name":"queue","severity":"INFO","source_file":"/private/tmp/realmmesh-p6-fixed/final/game/queue/src/queue_service.cpp","source_line":120,"thread_id":9810675905446315910,"timestamp":"2026-10-07T07:27:21.937885000Z","zone":"development"}
660: {"attribute_data_classes":{},"attributes":{},"cluster":"local","environment":"development","event_name":"service_started","kind":"diagnostic","message":"queue service started","module":"game.queue","node_id":"development-node","process_id":4157,"process_start_id":"9f6860a11783b297b22de4ea5397f7ca","region":"local","schema_version":1,"sequence":2,"service_instance":"queue-dev-01","service_name":"queue","severity":"INFO","source_file":"/private/tmp/realmmesh-p6-fixed/final/game/queue/src/queue_service.cpp","source_line":129,"thread_id":9810675905446315910,"timestamp":"2026-10-07T07:27:21.937974000Z","zone":"development"}
660: {"attribute_data_classes":{"listen_address":"internal","listen_port":"internal"},"attributes":{"listen_address":"0.0.0.0","listen_port":54331},"cluster":"local","environment":"development","event_name":"service_started","kind":"diagnostic","message":"realm service started","module":"framework.service_host","node_id":"development-node","process_id":4157,"process_start_id":"f4b0ee6196d2cba933bd213f151bb80f","region":"local","schema_version":1,"sequence":1,"service_instance":"realm-dev-01","service_name":"realm","severity":"INFO","source_file":"/private/tmp/realmmesh-p6-fixed/final/framework/service_host/src/service_frame.cpp","source_line":165,"thread_id":9810675905446315910,"timestamp":"2026-10-07T07:27:21.941135000Z","zone":"development"}
660: {"attribute_data_classes":{"listen_address":"internal","listen_port":"internal","transport":"internal","transport_name":"internal"},"attributes":{"listen_address":"0.0.0.0","listen_port":54330,"transport":"quic","transport_name":"client_quic"},"cluster":"local","environment":"development","event_name":"listener_started","kind":"diagnostic","message":"gateway listener started","module":"framework.service_host","node_id":"development-node","process_id":4157,"process_start_id":"974984641b4d71cc7551b49726286406","region":"local","schema_version":1,"sequence":1,"service_instance":"gateway-dev-01","service_name":"gateway","severity":"INFO","source_file":"/private/tmp/realmmesh-p6-fixed/final/framework/service_host/src/service_frame.cpp","source_line":151,"thread_id":9810675905446315910,"timestamp":"2026-10-07T07:27:21.944463000Z","zone":"development"}
660: {"attribute_data_classes":{"listen_address":"internal","listen_port":"internal","transport":"internal","transport_name":"internal"},"attributes":{"listen_address":"0.0.0.0","listen_port":54330,"transport":"tls_tcp","transport_name":"client_tls_tcp"},"cluster":"local","environment":"development","event_name":"listener_started","kind":"diagnostic","message":"gateway listener started","module":"framework.service_host","node_id":"development-node","process_id":4157,"process_start_id":"974984641b4d71cc7551b49726286406","region":"local","schema_version":1,"sequence":2,"service_instance":"gateway-dev-01","service_name":"gateway","severity":"INFO","source_file":"/private/tmp/realmmesh-p6-fixed/final/framework/service_host/src/service_frame.cpp","source_line":151,"thread_id":9810675905446315910,"timestamp":"2026-10-07T07:27:21.944554000Z","zone":"development"}
660: {"attribute_data_classes":{},"attributes":{},"cluster":"local","environment":"development","event_name":"service_started","kind":"diagnostic","message":"gateway service started","module":"framework.service_host","node_id":"development-node","process_id":4157,"process_start_id":"974984641b4d71cc7551b49726286406","region":"local","schema_version":1,"sequence":3,"service_instance":"gateway-dev-01","service_name":"gateway","severity":"INFO","source_file":"/private/tmp/realmmesh-p6-fixed/final/framework/service_host/src/service_frame.cpp","source_line":161,"thread_id":9810675905446315910,"timestamp":"2026-10-07T07:27:21.944637000Z","zone":"development"}
660: {"attribute_data_classes":{"protocol":"internal","session_id":"internal","transport_name":"internal"},"attributes":{"protocol":"tls_tcp","session_id":1,"transport_name":"client_tls_tcp"},"cluster":"local","environment":"development","event_name":"connection_accepted","kind":"diagnostic","message":"tls transport accepted incoming connection","module":"framework.network","node_id":"development-node","process_id":4157,"process_start_id":"974984641b4d71cc7551b49726286406","region":"local","schema_version":1,"sequence":4,"service_instance":"gateway-dev-01","service_name":"gateway","severity":"INFO","source_file":"/private/tmp/realmmesh-p6-fixed/final/framework/network/src/tls/tls_tcp_transport.cpp","source_line":152,"thread_id":4222938979523152130,"timestamp":"2026-10-07T07:27:24.008250000Z","zone":"development"}
660: {"attribute_data_classes":{"alpn":"internal","protocol":"internal","session_id":"internal","transport_name":"internal"},"attributes":{"alpn":"realmmesh-edge/1","protocol":"tls_tcp","session_id":1,"transport_name":"client_tls_tcp"},"cluster":"local","environment":"development","event_name":"tls_handshake_completed","kind":"diagnostic","message":"tls transport completed handshake","module":"framework.network","node_id":"development-node","process_id":4157,"process_start_id":"974984641b4d71cc7551b49726286406","region":"local","schema_version":1,"sequence":5,"service_instance":"gateway-dev-01","service_name":"gateway","severity":"INFO","source_file":"/private/tmp/realmmesh-p6-fixed/final/framework/network/src/tls/tls_tcp_transport.cpp","source_line":185,"thread_id":4222938979523152130,"timestamp":"2026-10-07T07:27:24.012023000Z","zone":"development"}
660: {"attribute_data_classes":{"gateway_instance":"internal","result":"internal"},"attributes":{"gateway_instance":"gateway-dev-01","result":"reserved"},"cluster":"local","environment":"development","event_name":"gateway_credential_audit","kind":"diagnostic","message":"gateway credential admission outcome","module":"game.gateway","node_id":"development-node","process_id":4157,"process_start_id":"974984641b4d71cc7551b49726286406","region":"local","schema_version":1,"sequence":6,"service_instance":"gateway-dev-01","service_name":"gateway","severity":"INFO","source_file":"/private/tmp/realmmesh-p6-fixed/final/game/gateway/src/gateway_login_pipeline.cpp","source_line":722,"thread_id":5689260502543998357,"timestamp":"2026-10-07T07:27:24.028564000Z","zone":"development"}
660: {"attribute_data_classes":{"account_id":"pseudonymous","session_id":"internal"},"attributes":{"account_id":5115113555351659826,"session_id":1},"cluster":"local","environment":"development","event_name":"edge_session_attached","kind":"diagnostic","message":"edge session attached","module":"game.gateway","node_id":"development-node","process_id":4157,"process_start_id":"974984641b4d71cc7551b49726286406","region":"local","schema_version":1,"sequence":7,"service_instance":"gateway-dev-01","service_name":"gateway","severity":"INFO","source_file":"/private/tmp/realmmesh-p6-fixed/final/game/gateway/src/gateway_login_pipeline.cpp","source_line":659,"thread_id":5689260502543998357,"timestamp":"2026-10-07T07:27:24.034426000Z","zone":"development"}
660: {"attribute_data_classes":{"session_id":"internal"},"attributes":{"session_id":1},"cluster":"local","environment":"development","event_name":"edge_fetch_completed","kind":"diagnostic","message":"edge fetch completed","module":"game.gateway","node_id":"development-node","process_id":4157,"process_start_id":"974984641b4d71cc7551b49726286406","region":"local","schema_version":1,"sequence":8,"service_instance":"gateway-dev-01","service_name":"gateway","severity":"INFO","source_file":"/private/tmp/realmmesh-p6-fixed/final/game/gateway/src/gateway_login_pipeline.cpp","source_line":393,"thread_id":5689260502543998357,"timestamp":"2026-10-07T07:27:24.049695000Z","zone":"development"}
660: {"attribute_data_classes":{"account_id":"pseudonymous","session_id":"internal"},"attributes":{"account_id":5115113555351659826,"session_id":1},"cluster":"local","environment":"development","event_name":"edge_handoff_granted","kind":"diagnostic","message":"enter-realm handoff granted","module":"game.gateway","node_id":"development-node","process_id":4157,"process_start_id":"974984641b4d71cc7551b49726286406","region":"local","schema_version":1,"sequence":9,"service_instance":"gateway-dev-01","service_name":"gateway","severity":"INFO","source_file":"/private/tmp/realmmesh-p6-fixed/final/game/gateway/src/gateway_login_pipeline.cpp","source_line":590,"thread_id":5689260502543998357,"timestamp":"2026-10-07T07:27:24.049926000Z","zone":"development"}
660: {"attribute_data_classes":{"protocol":"internal","session_id":"internal","transport_name":"internal"},"attributes":{"protocol":"tls_tcp","session_id":1,"transport_name":"realm_tls_tcp"},"cluster":"local","environment":"development","event_name":"connection_accepted","kind":"diagnostic","message":"tls transport accepted incoming connection","module":"framework.network","node_id":"development-node","process_id":4157,"process_start_id":"f4b0ee6196d2cba933bd213f151bb80f","region":"local","schema_version":1,"sequence":2,"service_instance":"realm-dev-01","service_name":"realm","severity":"INFO","source_file":"/private/tmp/realmmesh-p6-fixed/final/framework/network/src/tls/tls_tcp_transport.cpp","source_line":152,"thread_id":17177935647545519721,"timestamp":"2026-10-07T07:27:24.053158000Z","zone":"development"}
660: {"attribute_data_classes":{"protocol":"internal","reason":"internal","session_id":"internal","transport_name":"internal"},"attributes":{"protocol":"tls_tcp","reason":"peer_closed","session_id":1,"transport_name":"client_tls_tcp"},"cluster":"local","environment":"development","event_name":"connection_closed","kind":"diagnostic","message":"tls transport closed session","module":"framework.network","node_id":"development-node","process_id":4157,"process_start_id":"974984641b4d71cc7551b49726286406","region":"local","schema_version":1,"sequence":10,"service_instance":"gateway-dev-01","service_name":"gateway","severity":"INFO","source_file":"/private/tmp/realmmesh-p6-fixed/final/framework/network/src/tls/tls_tcp_transport.cpp","source_line":276,"thread_id":4222938979523152130,"timestamp":"2026-10-07T07:27:24.054253000Z","zone":"development"}
660: {"attribute_data_classes":{"alpn":"internal","protocol":"internal","session_id":"internal","transport_name":"internal"},"attributes":{"alpn":"realmmesh-edge/1","protocol":"tls_tcp","session_id":1,"transport_name":"realm_tls_tcp"},"cluster":"local","environment":"development","event_name":"tls_handshake_completed","kind":"diagnostic","message":"tls transport completed handshake","module":"framework.network","node_id":"development-node","process_id":4157,"process_start_id":"f4b0ee6196d2cba933bd213f151bb80f","region":"local","schema_version":1,"sequence":3,"service_instance":"realm-dev-01","service_name":"realm","severity":"INFO","source_file":"/private/tmp/realmmesh-p6-fixed/final/framework/network/src/tls/tls_tcp_transport.cpp","source_line":185,"thread_id":17177935647545519721,"timestamp":"2026-10-07T07:27:24.054828000Z","zone":"development"}
660: {"attribute_data_classes":{"account_id":"pseudonymous"},"attributes":{"account_id":5115113555351659826},"cluster":"local","environment":"development","event_name":"player_session_established","kind":"diagnostic","message":"realm accepted direct entry","module":"framework.service_host","node_id":"development-node","process_id":4157,"process_start_id":"f4b0ee6196d2cba933bd213f151bb80f","region":"local","request_id":0,"schema_version":1,"sequence":4,"service_instance":"realm-dev-01","service_name":"realm","severity":"INFO","source_file":"/private/tmp/realmmesh-p6-fixed/final/framework/service_host/src/service_frame.cpp","source_line":365,"thread_id":5689260502543998357,"timestamp":"2026-10-07T07:27:24.062429000Z","zone":"development"}
660: loadgen report
660: robots: 1  completed: 1
660: verify: attempts=1 failures=0 p50_ms=20.428041 p99_ms=20.428041 max_ms=20.428041
660: tickets: attempts=1 failures=0 p50_ms=20.903833 p99_ms=20.903833 max_ms=20.903833
660: poll: attempts=37 failures=0 p50_ms=1.715958 p99_ms=5.825458 max_ms=5.825458
660: attach: attempts=1 failures=0 p50_ms=19.923458 p99_ms=19.923458 max_ms=19.923458
660: handoff: attempts=1 failures=0 p50_ms=22.003042 p99_ms=22.003042 max_ms=22.003042
660: realm: attempts=1 failures=0 p50_ms=11.880250 p99_ms=11.880250 max_ms=11.880250
660: {"attribute_data_classes":{"protocol":"internal","reason":"internal","session_id":"internal","transport_name":"internal"},"attributes":{"protocol":"tls_tcp","reason":"peer_closed","session_id":1,"transport_name":"realm_tls_tcp"},"cluster":"local","environment":"development","event_name":"connection_closed","kind":"diagnostic","message":"tls transport closed session","module":"framework.network","node_id":"development-node","process_id":4157,"process_start_id":"f4b0ee6196d2cba933bd213f151bb80f","region":"local","schema_version":1,"sequence":5,"service_instance":"realm-dev-01","service_name":"realm","severity":"INFO","source_file":"/private/tmp/realmmesh-p6-fixed/final/framework/network/src/tls/tls_tcp_transport.cpp","source_line":276,"thread_id":17177935647545519721,"timestamp":"2026-10-07T07:27:24.071776000Z","zone":"development"}
660: {"attribute_data_classes":{"delivered":"internal","delivery_failed":"internal","invalid_source_disconnects":"internal","outbound_rejected":"internal","overload_disconnects":"internal","unknown_session_commands":"internal"},"attributes":{"delivered":2,"delivery_failed":0,"invalid_source_disconnects":0,"outbound_rejected":0,"overload_disconnects":0,"unknown_session_commands":0},"cluster":"local","environment":"development","event_name":"service_stopped","kind":"diagnostic","message":"gateway service stopped","module":"framework.service_host","node_id":"development-node","process_id":4157,"process_start_id":"974984641b4d71cc7551b49726286406","region":"local","schema_version":1,"sequence":11,"service_instance":"gateway-dev-01","service_name":"gateway","severity":"INFO","source_file":"/private/tmp/realmmesh-p6-fixed/final/framework/service_host/src/service_frame.cpp","source_line":201,"thread_id":9810675905446315910,"timestamp":"2026-10-07T07:27:24.076514000Z","zone":"development"}
660: {"attribute_data_classes":{},"attributes":{},"cluster":"local","environment":"development","event_name":"service_stopped","kind":"diagnostic","message":"login_verify service stopped","module":"framework.service_host","node_id":"development-node","process_id":4157,"process_start_id":"40b4bac252fec4ede7db01b970dbee9a","region":"local","schema_version":1,"sequence":3,"service_instance":"login-verify-dev-01","service_name":"login_verify","severity":"INFO","source_file":"/private/tmp/realmmesh-p6-fixed/final/framework/service_host/src/service_host.cpp","source_line":364,"thread_id":9810675905446315910,"timestamp":"2026-10-07T07:27:24.849026000Z","zone":"development"}
660: {"attribute_data_classes":{},"attributes":{},"cluster":"local","environment":"development","event_name":"service_stopped","kind":"diagnostic","message":"queue service stopped","module":"framework.service_host","node_id":"development-node","process_id":4157,"process_start_id":"9f6860a11783b297b22de4ea5397f7ca","region":"local","schema_version":1,"sequence":3,"service_instance":"queue-dev-01","service_name":"queue","severity":"INFO","source_file":"/private/tmp/realmmesh-p6-fixed/final/framework/service_host/src/service_host.cpp","source_line":364,"thread_id":9810675905446315910,"timestamp":"2026-10-07T07:27:24.849569000Z","zone":"development"}
660: {"attribute_data_classes":{},"attributes":{},"cluster":"local","environment":"development","event_name":"service_stopped","kind":"diagnostic","message":"realm service stopped","module":"framework.service_host","node_id":"development-node","process_id":4157,"process_start_id":"f4b0ee6196d2cba933bd213f151bb80f","region":"local","schema_version":1,"sequence":6,"service_instance":"realm-dev-01","service_name":"realm","severity":"INFO","source_file":"/private/tmp/realmmesh-p6-fixed/final/framework/service_host/src/service_frame.cpp","source_line":219,"thread_id":9810675905446315910,"timestamp":"2026-10-07T07:27:24.851428000Z","zone":"development"}
660: {"level":"error","ts":"2026-10-07T15:27:24.944313+0800","caller":"embed/etcd.go:912","msg":"setting up serving from embedded etcd failed.","error":"http: Server closed","stacktrace":"go.etcd.io/etcd/server/v3/embed.(*Etcd).errHandler\n\tgo.etcd.io/etcd/server/v3/embed/etcd.go:912\ngo.etcd.io/etcd/server/v3/embed.(*serveCtx).startHandler.func1\n\tgo.etcd.io/etcd/server/v3/embed/serve.go:91"}
660: {"level":"error","ts":"2026-10-07T15:27:24.944337+0800","caller":"embed/etcd.go:912","msg":"setting up serving from embedded etcd failed.","error":"mux: server closed","stacktrace":"go.etcd.io/etcd/server/v3/embed.(*Etcd).errHandler\n\tgo.etcd.io/etcd/server/v3/embed/etcd.go:912\ngo.etcd.io/etcd/server/v3/embed.(*serveCtx).startHandler.func1\n\tgo.etcd.io/etcd/server/v3/embed/serve.go:91"}
660: {"level":"error","ts":"2026-10-07T15:27:24.944651+0800","caller":"embed/etcd.go:912","msg":"setting up serving from embedded etcd failed.","error":"accept tcp 127.0.0.1:54332: use of closed network connection","stacktrace":"go.etcd.io/etcd/server/v3/embed.(*Etcd).errHandler\n\tgo.etcd.io/etcd/server/v3/embed/etcd.go:912\ngo.etcd.io/etcd/server/v3/embed.(*Etcd).startHandler.func1\n\tgo.etcd.io/etcd/server/v3/embed/etcd.go:906"}
660: {"level":"error","ts":"2026-10-07T15:27:24.973666+0800","caller":"embed/etcd.go:912","msg":"setting up serving from embedded etcd failed.","error":"accept tcp 127.0.0.1:54333: use of closed network connection","stacktrace":"go.etcd.io/etcd/server/v3/embed.(*Etcd).errHandler\n\tgo.etcd.io/etcd/server/v3/embed/etcd.go:912\ngo.etcd.io/etcd/server/v3/embed.(*Etcd).startHandler.func1\n\tgo.etcd.io/etcd/server/v3/embed/etcd.go:906"}
660: [       OK ] LoadgenIntegrationTest.FullTargetRedeemsRealmSession (4425 ms)
660: [----------] 1 test from LoadgenIntegrationTest (4425 ms total)
660: 
660: [----------] Global test environment tear-down
660: [==========] 1 test from 1 test suite ran. (4425 ms total)
660: [  PASSED  ] 1 test.
2/2 Test #660: LoadgenIntegrationTest.FullTargetRedeemsRealmSession ............   Passed    4.62 sec

The following tests passed:
	WireLoginTransportIntegrationTest.DrivesLoginChainOverRealTls
	LoadgenIntegrationTest.FullTargetRedeemsRealmSession

100% tests passed out of 2

Label Time Summary:
integration                                     =   4.73 sec*proc (2 tests)
target=loadgen_integration_test                 =   4.62 sec*proc (1 test)
target=wire_login_transport_integration_test    =   0.10 sec*proc (1 test)

Total Test time (real) =  14.46 sec
## Failure and restart recovery
Test project /private/tmp/realmmesh-p6-fixed/final/build/dev-ninja
    Start  17: DevServicesScriptTest.FourProcessFailureRecovery
1/9 Test  #17: DevServicesScriptTest.FourProcessFailureRecovery ..........................   Passed   52.89 sec
    Start 197: LoginChainTest.AdmitTimeoutReturnsToIdle
2/9 Test #197: LoginChainTest.AdmitTimeoutReturnsToIdle ..................................   Passed    0.28 sec
    Start 440: NewChainFlowTest.AttachesToGatewayAndEntersRealm
3/9 Test #440: NewChainFlowTest.AttachesToGatewayAndEntersRealm ..........................   Passed    3.85 sec
    Start 441: NewChainFlowTest.RestartKeepsCommittedAdmissionConsumed
4/9 Test #441: NewChainFlowTest.RestartKeepsCommittedAdmissionConsumed ...................   Passed    4.74 sec
    Start 485: GatewayAdmissionTest.TwoInstancesCommitOneIdentityAtMostOnce
5/9 Test #485: GatewayAdmissionTest.TwoInstancesCommitOneIdentityAtMostOnce ..............   Passed    0.02 sec
    Start 487: GatewayAdmissionTest.StoreOutageIsRetryableAndAffectsAvailability
6/9 Test #487: GatewayAdmissionTest.StoreOutageIsRetryableAndAffectsAvailability .........   Passed    0.01 sec
    Start 489: GatewayAdmissionTest.AmbiguousCommitCanNeverReleaseReservation
7/9 Test #489: GatewayAdmissionTest.AmbiguousCommitCanNeverReleaseReservation ............   Passed    0.01 sec
    Start 596: QueueProcessRestartTest.RecoversAcknowledgedIssueFromAuthoritativeStore
8/9 Test #596: QueueProcessRestartTest.RecoversAcknowledgedIssueFromAuthoritativeStore ...   Passed    3.88 sec
    Start 661: LoadgenIntegrationTest.GatewayReadinessRecoversAfterEtcdOutage
9/9 Test #661: LoadgenIntegrationTest.GatewayReadinessRecoversAfterEtcdOutage ............   Passed    5.20 sec

100% tests passed out of 9

Label Time Summary:
integration                          =  70.56 sec*proc (5 tests)
target=gateway_admission_test        =   0.05 sec*proc (3 tests)
target=loadgen_integration_test      =   5.20 sec*proc (1 test)
target=login_chain_test              =   0.28 sec*proc (1 test)
target=new_chain_flow_test           =   8.59 sec*proc (2 tests)
target=queue_process_restart_test    =   3.88 sec*proc (1 test)
unit                                 =   0.32 sec*proc (4 tests)

Total Test time (real) =  70.91 sec
## L1 soak
Test project /private/tmp/realmmesh-p6-fixed/final/build/dev-ninja
    Start 658: LoadgenIntegrationTest.L1GatewaySoakHoldsWaterLevelWithoutFdLeak
1/1 Test #658: LoadgenIntegrationTest.L1GatewaySoakHoldsWaterLevelWithoutFdLeak ...   Passed   15.99 sec

100% tests passed out of 1

Label Time Summary:
integration                        =  15.99 sec*proc (1 test)
target=loadgen_integration_test    =  15.99 sec*proc (1 test)

Total Test time (real) =  16.01 sec
